Component: ARM Compiler 5.06 update 7 (build 960) Tool: armlink [4d3601]

==============================================================================

Section Cross References

    startup_stm32f4xx.o(RESET) refers to startup_stm32f4xx.o(STACK) for __initial_sp
    startup_stm32f4xx.o(RESET) refers to startup_stm32f4xx.o(.text) for Reset_Handler
    startup_stm32f4xx.o(RESET) refers to stm32f4xx_it.o(i.NMI_Handler) for NMI_Handler
    startup_stm32f4xx.o(RESET) refers to stm32f4xx_it.o(i.HardFault_Handler) for HardFault_Handler
    startup_stm32f4xx.o(RESET) refers to stm32f4xx_it.o(i.MemManage_Handler) for MemManage_Handler
    startup_stm32f4xx.o(RESET) refers to stm32f4xx_it.o(i.BusFault_Handler) for BusFault_Handler
    startup_stm32f4xx.o(RESET) refers to stm32f4xx_it.o(i.UsageFault_Handler) for UsageFault_Handler
    startup_stm32f4xx.o(RESET) refers to stm32f4xx_it.o(i.SVC_Handler) for SVC_Handler
    startup_stm32f4xx.o(RESET) refers to stm32f4xx_it.o(i.DebugMon_Handler) for DebugMon_Handler
    startup_stm32f4xx.o(RESET) refers to stm32f4xx_it.o(i.PendSV_Handler) for PendSV_Handler
    startup_stm32f4xx.o(RESET) refers to main.o(i.SysTick_Handler) for SysTick_Handler
    startup_stm32f4xx.o(RESET) refers to serial.o(i.USART1_IRQHandler) for USART1_IRQHandler
    startup_stm32f4xx.o(RESET) refers to serial2.o(i.USART2_IRQHandler) for USART2_IRQHandler
    startup_stm32f4xx.o(RESET) refers to serial3.o(i.USART3_IRQHandler) for USART3_IRQHandler
    startup_stm32f4xx.o(RESET) refers to main.o(i.TIM7_IRQHandler) for TIM7_IRQHandler
    startup_stm32f4xx.o(.text) refers to system_stm32f4xx.o(i.SystemInit) for SystemInit
    startup_stm32f4xx.o(.text) refers to entry.o(.ARM.Collect$$$$00000000) for __main
    stm32f4xx_rcc.o(i.RCC_GetClocksFreq) refers to stm32f4xx_rcc.o(.data) for .data
    stm32f4xx_rcc.o(i.RCC_WaitForHSEStartUp) refers to stm32f4xx_rcc.o(i.RCC_GetFlagStatus) for RCC_GetFlagStatus
    stm32f4xx_gpio.o(i.GPIO_DeInit) refers to stm32f4xx_rcc.o(i.RCC_AHB1PeriphResetCmd) for RCC_AHB1PeriphResetCmd
    stm32f4xx_syscfg.o(i.SYSCFG_DeInit) refers to stm32f4xx_rcc.o(i.RCC_APB2PeriphResetCmd) for RCC_APB2PeriphResetCmd
    stm32f4xx_tim.o(i.TIM_DeInit) refers to stm32f4xx_rcc.o(i.RCC_APB2PeriphResetCmd) for RCC_APB2PeriphResetCmd
    stm32f4xx_tim.o(i.TIM_DeInit) refers to stm32f4xx_rcc.o(i.RCC_APB1PeriphResetCmd) for RCC_APB1PeriphResetCmd
    stm32f4xx_tim.o(i.TIM_ETRClockMode1Config) refers to stm32f4xx_tim.o(i.TIM_ETRConfig) for TIM_ETRConfig
    stm32f4xx_tim.o(i.TIM_ETRClockMode2Config) refers to stm32f4xx_tim.o(i.TIM_ETRConfig) for TIM_ETRConfig
    stm32f4xx_tim.o(i.TIM_ICInit) refers to stm32f4xx_tim.o(i.TI4_Config) for TI4_Config
    stm32f4xx_tim.o(i.TIM_ICInit) refers to stm32f4xx_tim.o(i.TIM_SetIC4Prescaler) for TIM_SetIC4Prescaler
    stm32f4xx_tim.o(i.TIM_ICInit) refers to stm32f4xx_tim.o(i.TI1_Config) for TI1_Config
    stm32f4xx_tim.o(i.TIM_ICInit) refers to stm32f4xx_tim.o(i.TIM_SetIC1Prescaler) for TIM_SetIC1Prescaler
    stm32f4xx_tim.o(i.TIM_ICInit) refers to stm32f4xx_tim.o(i.TI2_Config) for TI2_Config
    stm32f4xx_tim.o(i.TIM_ICInit) refers to stm32f4xx_tim.o(i.TIM_SetIC2Prescaler) for TIM_SetIC2Prescaler
    stm32f4xx_tim.o(i.TIM_ICInit) refers to stm32f4xx_tim.o(i.TI3_Config) for TI3_Config
    stm32f4xx_tim.o(i.TIM_ICInit) refers to stm32f4xx_tim.o(i.TIM_SetIC3Prescaler) for TIM_SetIC3Prescaler
    stm32f4xx_tim.o(i.TIM_ITRxExternalClockConfig) refers to stm32f4xx_tim.o(i.TIM_SelectInputTrigger) for TIM_SelectInputTrigger
    stm32f4xx_tim.o(i.TIM_PWMIConfig) refers to stm32f4xx_tim.o(i.TI2_Config) for TI2_Config
    stm32f4xx_tim.o(i.TIM_PWMIConfig) refers to stm32f4xx_tim.o(i.TIM_SetIC2Prescaler) for TIM_SetIC2Prescaler
    stm32f4xx_tim.o(i.TIM_PWMIConfig) refers to stm32f4xx_tim.o(i.TI1_Config) for TI1_Config
    stm32f4xx_tim.o(i.TIM_PWMIConfig) refers to stm32f4xx_tim.o(i.TIM_SetIC1Prescaler) for TIM_SetIC1Prescaler
    stm32f4xx_tim.o(i.TIM_TIxExternalClockConfig) refers to stm32f4xx_tim.o(i.TI1_Config) for TI1_Config
    stm32f4xx_tim.o(i.TIM_TIxExternalClockConfig) refers to stm32f4xx_tim.o(i.TIM_SelectInputTrigger) for TIM_SelectInputTrigger
    stm32f4xx_tim.o(i.TIM_TIxExternalClockConfig) refers to stm32f4xx_tim.o(i.TI2_Config) for TI2_Config
    stm32f4xx_adc.o(i.ADC_DeInit) refers to stm32f4xx_rcc.o(i.RCC_APB2PeriphResetCmd) for RCC_APB2PeriphResetCmd
    stm32f4xx_can.o(i.CAN_DeInit) refers to stm32f4xx_rcc.o(i.RCC_APB1PeriphResetCmd) for RCC_APB1PeriphResetCmd
    stm32f4xx_can.o(i.CAN_GetITStatus) refers to stm32f4xx_can.o(i.CheckITStatus) for CheckITStatus
    stm32f4xx_cryp.o(i.CRYP_DeInit) refers to stm32f4xx_rcc.o(i.RCC_AHB2PeriphResetCmd) for RCC_AHB2PeriphResetCmd
    stm32f4xx_cryp_aes.o(i.CRYP_AES_CBC) refers to stm32f4xx_cryp.o(i.CRYP_KeyStructInit) for CRYP_KeyStructInit
    stm32f4xx_cryp_aes.o(i.CRYP_AES_CBC) refers to stm32f4xx_cryp.o(i.CRYP_KeyInit) for CRYP_KeyInit
[...]
    Removing oled.o(i.OLED_DrawBMP), (68 bytes).
    Removing oled.o(i.OLED_Float), (396 bytes).
    Removing oled.o(i.OLED_Float2), (316 bytes).
    Removing oled.o(i.OLED_Num2), (136 bytes).
    Removing oled.o(i.OLED_Num3), (172 bytes).
    Removing oled.o(i.OLED_Num4), (118 bytes).
    Removing oled.o(i.OLED_Num5), (136 bytes).
    Removing oled.o(i.OLED_Num_write), (52 bytes).
    Removing oled.o(i.OLED_On), (58 bytes).
    Removing oled.o(i.OLED_Set_Pos), (40 bytes).
    Removing oled.o(i.OLED_ShowCHinese), (92 bytes).
    Removing oled.o(i.OLED_ShowChar), (144 bytes).
    Removing oled.o(i.OLED_ShowNumber), (112 bytes).
    Removing oled.o(i.OLED_ShowString), (50 bytes).
    Removing oled.o(i.OLED_fuhao_write), (48 bytes).
    Removing oled.o(i.fill_picture), (60 bytes).
    Removing oled.o(i.oled_first_show), (88 bytes).
    Removing oled.o(i.oled_pow), (16 bytes).
    Removing oled.o(.constdata), (2072 bytes).
    Removing oled.o(.data), (896 bytes).
    Removing sys.o(.emb_text), (24 bytes).
    Removing delay.o(.emb_text), (8 bytes).
    Removing delay.o(i.Delay_s), (24 bytes).
    Removing serial.o(.emb_text), (8 bytes).
    Removing serial.o(i.Serial_GetRxFlag1), (24 bytes).
    Removing serial.o(i.Serial_Pow1), (16 bytes).
    Removing serial.o(i.Serial_Printf), (28 bytes).
    Removing serial.o(i.Serial_SendArray1), (26 bytes).
    Removing serial.o(i.Serial_SendByte1), (32 bytes).
    Removing serial.o(i.Serial_SendPacket1), (2 bytes).
    Removing serial.o(i.Serial_SendString1), (24 bytes).
    Removing serial.o(.bss), (50 bytes).
    Removing timer.o(.emb_text), (8 bytes).
    Removing pid.o(.emb_text), (8 bytes).
    Removing pid.o(i.PID_change), (14 bytes).
    Removing pid.o(i.PID_setchg), (6 bytes).
    Removing serial2.o(.emb_text), (8 bytes).
    Removing serial2.o(i.Serial_Pow2), (16 bytes).
    Removing serial2.o(i.Serial_SendArray2), (26 bytes).
    Removing serial2.o(i.Serial_SendByte2), (32 bytes).
    Removing serial2.o(i.Serial_SendPacket2), (2 bytes).
    Removing serial2.o(i.Serial_SendString2), (24 bytes).
    Removing serial3.o(.emb_text), (8 bytes).
    Removing serial3.o(i.Serial_Pow3), (16 bytes).
    Removing serial3.o(i.Serial_SendArray3), (26 bytes).
    Removing serial3.o(i.Serial_SendPacket3), (2 bytes).
    Removing dneg.o(.text), (6 bytes).
    Removing dfltui.o(.text), (26 bytes).
    Removing dfixui.o(.text), (50 bytes).
    Removing cdcmple.o(.text), (48 bytes).

654 unused section(s) (total 29359 bytes) removed from the image.

==============================================================================

Image Symbol Table

    Local Symbols

    Symbol Name                              Value     Ov Type        Size  Object(Section)

    ../clib/microlib/division.c              0x00000000   Number         0  uidiv.o ABSOLUTE
    ../clib/microlib/division.c              0x00000000   Number         0  uldiv.o ABSOLUTE
    ../clib/microlib/init/entry.s            0x00000000   Number         0  entry7a.o ABSOLUTE
    ../clib/microlib/init/entry.s            0x00000000   Number         0  entry5.o ABSOLUTE
    ../clib/microlib/init/entry.s            0x00000000   Number         0  entry11a.o ABSOLUTE
    ../clib/microlib/init/entry.s            0x00000000   Number         0  entry2.o ABSOLUTE
    ../clib/microlib/init/entry.s            0x00000000   Number         0  entry10a.o ABSOLUTE
    ../clib/microlib/init/entry.s            0x00000000   Number         0  entry11b.o ABSOLUTE
    ../clib/microlib/init/entry.s            0x00000000   Number         0  entry12a.o ABSOLUTE
    ../clib/microlib/init/entry.s            0x00000000   Number         0  entry10b.o ABSOLUTE
    ../clib/microlib/init/entry.s            0x00000000   Number         0  entry12b.o ABSOLUTE
    ../clib/microlib/init/entry.s            0x00000000   Number         0  entry9b.o ABSOLUTE
    ../clib/microlib/init/entry.s            0x00000000   Number         0  entry.o ABSOLUTE
    ../clib/microlib/init/entry.s            0x00000000   Number         0  entry9a.o ABSOLUTE
    ../clib/microlib/init/entry.s            0x00000000   Number         0  entry8b.o ABSOLUTE
    ../clib/microlib/init/entry.s            0x00000000   Number         0  entry8a.o ABSOLUTE
    ../clib/microlib/init/entry.s            0x00000000   Number         0  entry7b.o ABSOLUTE
    ../clib/microlib/longlong.c              0x00000000   Number         0  llshl.o ABSOLUTE
    ../clib/microlib/longlong.c              0x00000000   Number         0  llushr.o ABSOLUTE
    ../clib/microlib/longlong.c              0x00000000   Number         0  llsshr.o ABSOLUTE
    ../clib/microlib/printf/printf.c         0x00000000   Number         0  printf4.o ABSOLUTE
    ../clib/microlib/printf/printf.c         0x00000000   Number         0  printf5.o ABSOLUTE
    ../clib/microlib/printf/printf.c         0x00000000   Number         0  printf6.o ABSOLUTE
    ../clib/microlib/printf/printf.c         0x00000000   Number         0  printf7.o ABSOLUTE
    ../clib/microlib/printf/printf.c         0x00000000   Number         0  printf8.o ABSOLUTE
    ../clib/microlib/printf/printf.c         0x00000000   Number         0  printfa.o ABSOLUTE
    ../clib/microlib/printf/printf.c         0x00000000   Number         0  printf0.o ABSOLUTE
    ../clib/microlib/printf/printf.c         0x00000000   Number         0  printf1.o ABSOLUTE
    ../clib/microlib/printf/printf.c         0x00000000   Number         0  printfb.o ABSOLUTE
    ../clib/microlib/printf/printf.c         0x00000000   Number         0  printf3.o ABSOLUTE
    ../clib/microlib/printf/printf.c         0x00000000   Number         0  printf2.o ABSOLUTE
    ../clib/microlib/printf/stubs.s          0x00000000   Number         0  stubs.o ABSOLUTE
    ../clib/microlib/stdio/streams.c         0x00000000   Number         0  stdout.o ABSOLUTE
    ../clib/microlib/stubs.s                 0x00000000   Number         0  iusefp.o ABSOLUTE
    ../fplib/microlib/d2f.c                  0x00000000   Number         0  d2f.o ABSOLUTE
    ../fplib/microlib/fpadd.c                0x00000000   Number         0  dadd.o ABSOLUTE
    ../fplib/microlib/fpdiv.c                0x00000000   Number         0  ddiv.o ABSOLUTE
    ../fplib/microlib/fpepilogue.c           0x00000000   Number         0  fepilogue.o ABSOLUTE
    ../fplib/microlib/fpepilogue.c           0x00000000   Number         0  depilogue.o ABSOLUTE
    ../fplib/microlib/fpfix.c                0x00000000   Number         0  dfixui.o ABSOLUTE
    ../fplib/microlib/fpfix.c                0x00000000   Number         0  dfixi.o ABSOLUTE
    ../fplib/microlib/fpfix.c                0x00000000   Number         0  dfixul.o ABSOLUTE
    ../fplib/microlib/fpflt.c                0x00000000   Number         0  dfltui.o ABSOLUTE
    ../fplib/microlib/fpflt.c                0x00000000   Number         0  dflti.o ABSOLUTE
    ../fplib/microlib/fpmul.c                0x00000000   Number         0  dmul.o ABSOLUTE
    ../fplib/microlib/fpneg.c                0x00000000   Number         0  dneg.o ABSOLUTE
    ..\Libraries\CMSIS\Device\ST\STM32F4xx\Source\Templates\arm\startup_stm32f4xx.s 0x00000000   Number         0  startup_stm32f4xx.o ABSOLUTE
    ..\Libraries\CMSIS\Device\ST\STM32F4xx\Source\Templates\system_stm32f4xx.c 0x00000000   Number         0  system_stm32f4xx.o ABSOLUTE
    ..\Libraries\STM32F4xx_StdPeriph_Driver\src\misc.c 0x00000000   Number         0  misc.o ABSOLUTE
    ..\Libraries\STM32F4xx_StdPeriph_Driver\src\stm32f4xx_adc.c 0x00000000   Number         0  stm32f4xx_adc.o ABSOLUTE
    ..\Libraries\STM32F4xx_StdPeriph_Driver\src\stm32f4xx_can.c 0x00000000   Number         0  stm32f4xx_can.o ABSOLUTE
    ..\Libraries\STM32F4xx_StdPeriph_Driver\src\stm32f4xx_crc.c 0x00000000   Number         0  stm32f4xx_crc.o ABSOLUTE
    ..\Libraries\STM32F4xx_StdPeriph_Driver\src\stm32f4xx_cryp.c 0x00000000   Number         0  stm32f4xx_cryp.o ABSOLUTE
    ..\Libraries\STM32F4xx_StdPeriph_Driver\src\stm32f4xx_cryp_aes.c 0x00000000   Number         0  stm32f4xx_cryp_aes.o ABSOLUTE
    ..\Libraries\STM32F4xx_StdPeriph_Driver\src\stm32f4xx_cryp_des.c 0x00000000   Number         0  stm32f4xx_cryp_des.o ABSOLUTE
    ..\Libraries\STM32F4xx_StdPeriph_Driver\src\stm32f4xx_cryp_tdes.c 0x00000000   Number         0  stm32f4xx_cryp_tdes.o ABSOLUTE
    ..\Libraries\STM32F4xx_StdPeriph_Driver\src\stm32f4xx_dac.c 0x00000000   Number         0  stm32f4xx_dac.o ABSOLUTE
    ..\Libraries\STM32F4xx_StdPeriph_Driver\src\stm32f4xx_dbgmcu.c 0x00000000   Number         0  stm32f4xx_dbgmcu.o ABSOLUTE
    ..\Libraries\STM32F4xx_StdPeriph_Driver\src\stm32f4xx_dcmi.c 0x00000000   Number         0  stm32f4xx_dcmi.o ABSOLUTE
    ..\Libraries\STM32F4xx_StdPeriph_Driver\src\stm32f4xx_dma.c 0x00000000   Number         0  stm32f4xx_dma.o ABSOLUTE
    ..\Libraries\STM32F4xx_StdPeriph_Driver\src\stm32f4xx_exti.c 0x00000000   Number         0  stm32f4xx_exti.o ABSOLUTE
    ..\Libraries\STM32F4xx_StdPeriph_Driver\src\stm32f4xx_flash.c 0x00000000   Number         0  stm32f4xx_flash.o ABSOLUTE
    ..\Libraries\STM32F4xx_StdPeriph_Driver\src\stm32f4xx_fsmc.c 0x00000000   Number         0  stm32f4xx_fsmc.o ABSOLUTE
    ..\Libraries\STM32F4xx_StdPeriph_Driver\src\stm32f4xx_gpio.c 0x00000000   Number         0  stm32f4xx_gpio.o ABSOLUTE
    ..\Libraries\STM32F4xx_StdPeriph_Driver\src\stm32f4xx_hash.c 0x00000000   Number         0  stm32f4xx_hash.o ABSOLUTE
    ..\Libraries\STM32F4xx_StdPeriph_Driver\src\stm32f4xx_hash_md5.c 0x00000000   Number         0  stm32f4xx_hash_md5.o ABSOLUTE
    ..\Libraries\STM32F4xx_StdPeriph_Driver\src\stm32f4xx_hash_sha1.c 0x00000000   Number         0  stm32f4xx_hash_sha1.o ABSOLUTE
    ..\Libraries\STM32F4xx_StdPeriph_Driver\src\stm32f4xx_i2c.c 0x00000000   Number         0  stm32f4xx_i2c.o ABSOLUTE
    ..\Libraries\STM32F4xx_StdPeriph_Driver\src\stm32f4xx_iwdg.c 0x00000000   Number         0  stm32f4xx_iwdg.o ABSOLUTE
    ..\Libraries\STM32F4xx_StdPeriph_Driver\src\stm32f4xx_pwr.c 0x00000000   Number         0  stm32f4xx_pwr.o ABSOLUTE
    ..\Libraries\STM32F4xx_StdPeriph_Driver\src\stm32f4xx_rcc.c 0x00000000   Number         0  stm32f4xx_rcc.o ABSOLUTE
    ..\Libraries\STM32F4xx_StdPeriph_Driver\src\stm32f4xx_rng.c 0x00000000   Number         0  stm32f4xx_rng.o ABSOLUTE
    ..\Libraries\STM32F4xx_StdPeriph_Driver\src\stm32f4xx_rtc.c 0x00000000   Number         0  stm32f4xx_rtc.o ABSOLUTE
    ..\Libraries\STM32F4xx_StdPeriph_Driver\src\stm32f4xx_sdio.c 0x00000000   Number         0  stm32f4xx_sdio.o ABSOLUTE
    ..\Libraries\STM32F4xx_StdPeriph_Driver\src\stm32f4xx_spi.c 0x00000000   Number         0  stm32f4xx_spi.o ABSOLUTE
    ..\Libraries\STM32F4xx_StdPeriph_Driver\src\stm32f4xx_syscfg.c 0x00000000   Number         0  stm32f4xx_syscfg.o ABSOLUTE
    ..\Libraries\STM32F4xx_StdPeriph_Driver\src\stm32f4xx_tim.c 0x00000000   Number         0  stm32f4xx_tim.o ABSOLUTE
    ..\Libraries\STM32F4xx_StdPeriph_Driver\src\stm32f4xx_usart.c 0x00000000   Number         0  stm32f4xx_usart.o ABSOLUTE
    ..\Libraries\STM32F4xx_StdPeriph_Driver\src\stm32f4xx_wwdg.c 0x00000000   Number         0  stm32f4xx_wwdg.o ABSOLUTE
    ..\User\main.c                           0x00000000   Number         0  main.o ABSOLUTE
    ..\User\stm32f4xx_it.c                   0x00000000   Number         0  stm32f4xx_it.o ABSOLUTE
    ..\\Libraries\\CMSIS\\Device\\ST\\STM32F4xx\\Source\\Templates\\system_stm32f4xx.c 0x00000000   Number         0  system_stm32f4xx.o ABSOLUTE
    ..\\Libraries\\STM32F4xx_StdPeriph_Driver\\src\\misc.c 0x00000000   Number         0  misc.o ABSOLUTE
    ..\\Libraries\\STM32F4xx_StdPeriph_Driver\\src\\stm32f4xx_adc.c 0x00000000   Number         0  stm32f4xx_adc.o ABSOLUTE
    ..\\Libraries\\STM32F4xx_StdPeriph_Driver\\src\\stm32f4xx_can.c 0x00000000   Number         0  stm32f4xx_can.o ABSOLUTE
    ..\\Libraries\\STM32F4xx_StdPeriph_Driver\\src\\stm32f4xx_crc.c 0x00000000   Number         0  stm32f4xx_crc.o ABSOLUTE
    ..\\Libraries\\STM32F4xx_StdPeriph_Driver\\src\\stm32f4xx_cryp.c 0x00000000   Number         0  stm32f4xx_cryp.o ABSOLUTE
    ..\\Libraries\\STM32F4xx_StdPeriph_Driver\\src\\stm32f4xx_cryp_aes.c 0x00000000   Number         0  stm32f4xx_cryp_aes.o ABSOLUTE
    ..\\Libraries\\STM32F4xx_StdPeriph_Driver\\src\\stm32f4xx_cryp_des.c 0x00000000   Number         0  stm32f4xx_cryp_des.o ABSOLUTE
    ..\\Libraries\\STM32F4xx_StdPeriph_Driver\\src\\stm32f4xx_cryp_tdes.c 0x00000000   Number         0  stm32f4xx_cryp_tdes.o ABSOLUTE
    ..\\Libraries\\STM32F4xx_StdPeriph_Driver\\src\\stm32f4xx_dac.c 0x00000000   Number         0  stm32f4xx_dac.o ABSOLUTE
    ..\\Libraries\\STM32F4xx_StdPeriph_Driver\\src\\stm32f4xx_dbgmcu.c 0x00000000   Number         0  stm32f4xx_dbgmcu.o ABSOLUTE
    ..\\Libraries\\STM32F4xx_StdPeriph_Driver\\src\\stm32f4xx_dcmi.c 0x00000000   Number         0  stm32f4xx_dcmi.o ABSOLUTE
    ..\\Libraries\\STM32F4xx_StdPeriph_Driver\\src\\stm32f4xx_dma.c 0x00000000   Number         0  stm32f4xx_dma.o ABSOLUTE
    ..\\Libraries\\STM32F4xx_StdPeriph_Driver\\src\\stm32f4xx_exti.c 0x00000000   Number         0  stm32f4xx_exti.o ABSOLUTE
    ..\\Libraries\\STM32F4xx_StdPeriph_Driver\\src\\stm32f4xx_flash.c 0x00000000   Number         0  stm32f4xx_flash.o ABSOLUTE
    ..\\Libraries\\STM32F4xx_StdPeriph_Driver\\src\\stm32f4xx_fsmc.c 0x00000000   Number         0  stm32f4xx_fsmc.o ABSOLUTE
    ..\\Libraries\\STM32F4xx_StdPeriph_Driver\\src\\stm32f4xx_gpio.c 0x00000000   Number         0  stm32f4xx_gpio.o ABSOLUTE
    ..\\Libraries\\STM32F4xx_StdPeriph_Driver\\src\\stm32f4xx_hash.c 0x00000000   Number         0  stm32f4xx_hash.o ABSOLUTE
    ..\\Libraries\\STM32F4xx_StdPeriph_Driver\\src\\stm32f4xx_hash_md5.c 0x00000000   Number         0  stm32f4xx_hash_md5.o ABSOLUTE
    ..\\Libraries\\STM32F4xx_StdPeriph_Driver\\src\\stm32f4xx_hash_sha1.c 0x00000000   Number         0  stm32f4xx_hash_sha1.o ABSOLUTE
    ..\\Libraries\\STM32F4xx_StdPeriph_Driver\\src\\stm32f4xx_i2c.c 0x00000000   Number         0  stm32f4xx_i2c.o ABSOLUTE
    ..\\Libraries\\STM32F4xx_StdPeriph_Driver\\src\\stm32f4xx_iwdg.c 0x00000000   Number         0  stm32f4xx_iwdg.o ABSOLUTE
    ..\\Libraries\\STM32F4xx_StdPeriph_Driver\\src\\stm32f4xx_pwr.c 0x00000000   Number         0  stm32f4xx_pwr.o ABSOLUTE
    ..\\Libraries\\STM32F4xx_StdPeriph_Driver\\src\\stm32f4xx_rcc.c 0x00000000   Number         0  stm32f4xx_rcc.o ABSOLUTE
    ..\\Libraries\\STM32F4xx_StdPeriph_Driver\\src\\stm32f4xx_rng.c 0x00000000   Number         0  stm32f4xx_rng.o ABSOLUTE
    ..\\Libraries\\STM32F4xx_StdPeriph_Driver\\src\\stm32f4xx_rtc.c 0x00000000   Number         0  stm32f4xx_rtc.o ABSOLUTE
    ..\\Libraries\\STM32F4xx_StdPeriph_Driver\\src\\stm32f4xx_sdio.c 0x00000000   Number         0  stm32f4xx_sdio.o ABSOLUTE
    ..\\Libraries\\STM32F4xx_StdPeriph_Driver\\src\\stm32f4xx_spi.c 0x00000000   Number         0  stm32f4xx_spi.o ABSOLUTE
    ..\\Libraries\\STM32F4xx_StdPeriph_Driver\\src\\stm32f4xx_syscfg.c 0x00000000   Number         0  stm32f4xx_syscfg.o ABSOLUTE
    ..\\Libraries\\STM32F4xx_StdPeriph_Driver\\src\\stm32f4xx_tim.c 0x00000000   Number         0  stm32f4xx_tim.o ABSOLUTE
    ..\\Libraries\\STM32F4xx_StdPeriph_Driver\\src\\stm32f4xx_usart.c 0x00000000   Number         0  stm32f4xx_usart.o ABSOLUTE
    ..\\Libraries\\STM32F4xx_StdPeriph_Driver\\src\\stm32f4xx_wwdg.c 0x00000000   Number         0  stm32f4xx_wwdg.o ABSOLUTE
    ..\\User\\main.c                         0x00000000   Number         0  main.o ABSOLUTE
    ..\\User\\stm32f4xx_it.c                 0x00000000   Number         0  stm32f4xx_it.o ABSOLUTE
    ..\\hardware\\GPIO\\GPIO.c               0x00000000   Number         0  gpio.o ABSOLUTE
    ..\\hardware\\OLED\\OLED.c               0x00000000   Number         0  oled.o ABSOLUTE
    ..\\hardware\\OLED\\sys.c                0x00000000   Number         0  sys.o ABSOLUTE
    ..\\hardware\\PID\\PID.c                 0x00000000   Number         0  pid.o ABSOLUTE
    ..\\hardware\\Timer\\Timer.c             0x00000000   Number         0  timer.o ABSOLUTE
    ..\\hardware\\delay\\Delay.c             0x00000000   Number         0  delay.o ABSOLUTE
    ..\\hardware\\usart\\Serial.c            0x00000000   Number         0  serial.o ABSOLUTE
    ..\\hardware\\usart\\Serial2.c           0x00000000   Number         0  serial2.o ABSOLUTE
    ..\\hardware\\usart\\Serial3.c           0x00000000   Number         0  serial3.o ABSOLUTE
    ..\hardware\GPIO\GPIO.c                  0x00000000   Number         0  gpio.o ABSOLUTE
    ..\hardware\OLED\OLED.c                  0x00000000   Number         0  oled.o ABSOLUTE
    ..\hardware\OLED\sys.c                   0x00000000   Number         0  sys.o ABSOLUTE
    ..\hardware\PID\PID.c                    0x00000000   Number         0  pid.o ABSOLUTE
    ..\hardware\Timer\Timer.c                0x00000000   Number         0  timer.o ABSOLUTE
    ..\hardware\delay\Delay.c                0x00000000   Number         0  delay.o ABSOLUTE
    ..\hardware\usart\Serial.c               0x00000000   Number         0  serial.o ABSOLUTE
    ..\hardware\usart\Serial2.c              0x00000000   Number         0  serial2.o ABSOLUTE
    ..\hardware\usart\Serial3.c              0x00000000   Number         0  serial3.o ABSOLUTE
    cdcmple.s                                0x00000000   Number         0  cdcmple.o ABSOLUTE
    cdrcmple.s                               0x00000000   Number         0  cdrcmple.o ABSOLUTE
    dc.s                                     0x00000000   Number         0  dc.o ABSOLUTE
    handlers.s                               0x00000000   Number         0  handlers.o ABSOLUTE
    init.s                                   0x00000000   Number         0  init.o ABSOLUTE
    RESET                                    0x08000000   Section      392  startup_stm32f4xx.o(RESET)
    .ARM.Collect$$$$00000000                 0x08000188   Section        0  entry.o(.ARM.Collect$$$$00000000)
    .ARM.Collect$$$$00000001                 0x08000188   Section        4  entry2.o(.ARM.Collect$$$$00000001)
    .ARM.Collect$$$$00000004                 0x0800018c   Section        4  entry5.o(.ARM.Collect$$$$00000004)
    .ARM.Collect$$$$00000008                 0x08000190   Section        0  entry7b.o(.ARM.Collect$$$$00000008)
    .ARM.Collect$$$$0000000A                 0x08000190   Section        0  entry8b.o(.ARM.Collect$$$$0000000A)
    .ARM.Collect$$$$0000000B                 0x08000190   Section        8  entry9a.o(.ARM.Collect$$$$0000000B)
    .ARM.Collect$$$$0000000E                 0x08000198   Section        4  entry12b.o(.ARM.Collect$$$$0000000E)
    .ARM.Collect$$$$0000000F                 0x0800019c   Section        0  entry10a.o(.ARM.Collect$$$$0000000F)
    .ARM.Collect$$$$00000011                 0x0800019c   Section        0  entry11a.o(.ARM.Collect$$$$00000011)
    .ARM.Collect$$$$00002712                 0x0800019c   Section        4  entry2.o(.ARM.Collect$$$$00002712)
    __lit__00000000                          0x0800019c   Data           4  entry2.o(.ARM.Collect$$$$00002712)
    .text                                    0x080001a0   Section       36  startup_stm32f4xx.o(.text)
    $v0                                      0x080001a0   Number         0  startup_stm32f4xx.o(.text)
    .text                                    0x080001c4   Section        0  dadd.o(.text)
    .text                                    0x08000312   Section        0  dmul.o(.text)
    .text                                    0x080003f6   Section        0  dflti.o(.text)
    .text                                    0x08000418   Section        0  dfixi.o(.text)
    .text                                    0x08000458   Section       48  cdrcmple.o(.text)
    .text                                    0x08000488   Section        0  d2f.o(.text)
    .text                                    0x080004c0   Section        0  uidiv.o(.text)
    .text                                    0x080004ec   Section        0  uldiv.o(.text)
    .text                                    0x0800054e   Section        0  llshl.o(.text)
    .text                                    0x0800056c   Section        0  llushr.o(.text)
    .text                                    0x0800058c   Section        0  llsshr.o(.text)
    .text                                    0x080005b0   Section        0  iusefp.o(.text)
    .text                                    0x080005b0   Section        0  fepilogue.o(.text)
    .text                                    0x0800061e   Section        0  depilogue.o(.text)
    .text                                    0x080006d8   Section        0  ddiv.o(.text)
    .text                                    0x080007b6   Section        0  dfixul.o(.text)
    .text                                    0x080007e8   Section       36  init.o(.text)
    i.A_b                                    0x0800080c   Section        0  main.o(i.A_b)
    i.A_f                                    0x08000834   Section        0  main.o(i.A_f)
    i.A_s                                    0x0800085c   Section        0  main.o(i.A_s)
    i.B_b                                    0x08000884   Section        0  main.o(i.B_b)
    i.B_f                                    0x080008ac   Section        0  main.o(i.B_f)
    i.B_s                                    0x080008d4   Section        0  main.o(i.B_s)
    i.BusFault_Handler                       0x080008fc   Section        0  stm32f4xx_it.o(i.BusFault_Handler)
    i.C_b                                    0x08000900   Section        0  main.o(i.C_b)
    i.C_f                                    0x08000928   Section        0  main.o(i.C_f)
    i.C_s                                    0x08000950   Section        0  main.o(i.C_s)
    i.D_b                                    0x08000978   Section        0  main.o(i.D_b)
    i.D_f                                    0x080009a0   Section        0  main.o(i.D_f)
    i.D_s                                    0x080009c8   Section        0  main.o(i.D_s)
    i.DebugMon_Handler                       0x080009f0   Section        0  stm32f4xx_it.o(i.DebugMon_Handler)
    i.Delay_ms                               0x080009f2   Section        0  delay.o(i.Delay_ms)
    i.Delay_us                               0x08000a0a   Section        0  delay.o(i.Delay_us)
    i.EncoderA_Get                           0x08000a2c   Section        0  timer.o(i.EncoderA_Get)
    i.EncoderA_Init                          0x08000a48   Section        0  timer.o(i.EncoderA_Init)
    i.EncoderB_Get                           0x08000b00   Section        0  timer.o(i.EncoderB_Get)
    i.EncoderB_Init                          0x08000b1c   Section        0  timer.o(i.EncoderB_Init)
    i.EncoderC_Get                           0x08000bd0   Section        0  timer.o(i.EncoderC_Get)
    i.EncoderC_Init                          0x08000bec   Section        0  timer.o(i.EncoderC_Init)
    i.EncoderD_Get                           0x08000cc8   Section        0  timer.o(i.EncoderD_Get)
    i.EncoderD_Init                          0x08000ce4   Section        0  timer.o(i.EncoderD_Init)
    i.GPIO_Init                              0x08000d9c   Section        0  stm32f4xx_gpio.o(i.GPIO_Init)
    i.GPIO_PinAFConfig                       0x08000e18   Section        0  stm32f4xx_gpio.o(i.GPIO_PinAFConfig)
    i.GPIO_ReadInputDataBit                  0x08000e38   Section        0  stm32f4xx_gpio.o(i.GPIO_ReadInputDataBit)
    i.GPIO_ResetBits                         0x08000e46   Section        0  stm32f4xx_gpio.o(i.GPIO_ResetBits)
    i.GPIO_SetBits                           0x08000e4a   Section        0  stm32f4xx_gpio.o(i.GPIO_SetBits)
    i.GPIO_WriteBit                          0x08000e4e   Section        0  stm32f4xx_gpio.o(i.GPIO_WriteBit)
    i.GPIO_init                              0x08000e5c   Section        0  gpio.o(i.GPIO_init)
    i.HardFault_Handler                      0x08000ee4   Section        0  stm32f4xx_it.o(i.HardFault_Handler)
    i.MemManage_Handler                      0x08000ee6   Section        0  stm32f4xx_it.o(i.MemManage_Handler)
    i.NMI_Handler                            0x08000ee8   Section        0  stm32f4xx_it.o(i.NMI_Handler)
    i.NVIC_Init                              0x08000eec   Section        0  misc.o(i.NVIC_Init)
    i.NVIC_PriorityGroupConfig               0x08000f54   Section        0  misc.o(i.NVIC_PriorityGroupConfig)
    i.OLED_Clear                             0x08000f68   Section        0  oled.o(i.OLED_Clear)
    i.OLED_IIC_Start                         0x08000fa4   Section        0  oled.o(i.OLED_IIC_Start)
    i.OLED_IIC_Stop                          0x08000ff0   Section        0  oled.o(i.OLED_IIC_Stop)
    i.OLED_IIC_Wait_Ack                      0x0800102c   Section        0  oled.o(i.OLED_IIC_Wait_Ack)
    i.OLED_Init                              0x08001058   Section        0  oled.o(i.OLED_Init)
    i.OLED_WR_Byte                           0x08001178   Section        0  oled.o(i.OLED_WR_Byte)
    i.OLED_Write_IIC_Byte                    0x08001188   Section        0  oled.o(i.OLED_Write_IIC_Byte)
    i.OLED_Write_IIC_Command                 0x08001200   Section        0  oled.o(i.OLED_Write_IIC_Command)
    i.OLED_Write_IIC_Data                    0x0800122e   Section        0  oled.o(i.OLED_Write_IIC_Data)
    i.PID__init                              0x0800125c   Section        0  pid.o(i.PID__init)
    i.PID__ralize                            0x0800128c   Section        0  pid.o(i.PID__ralize)
    i.PendSV_Handler                         0x0800130c   Section        0  stm32f4xx_it.o(i.PendSV_Handler)
    i.RCC_AHB1PeriphClockCmd                 0x08001310   Section        0  stm32f4xx_rcc.o(i.RCC_AHB1PeriphClockCmd)
    i.RCC_APB1PeriphClockCmd                 0x0800132c   Section        0  stm32f4xx_rcc.o(i.RCC_APB1PeriphClockCmd)
    i.RCC_APB2PeriphClockCmd                 0x08001348   Section        0  stm32f4xx_rcc.o(i.RCC_APB2PeriphClockCmd)
    i.RCC_GetClocksFreq                      0x08001364   Section        0  stm32f4xx_rcc.o(i.RCC_GetClocksFreq)
    i.SVC_Handler                            0x08001404   Section        0  stm32f4xx_it.o(i.SVC_Handler)
    i.Serial_GetRxFlag2                      0x08001408   Section        0  serial2.o(i.Serial_GetRxFlag2)
    i.Serial_GetRxFlag3                      0x08001420   Section        0  serial3.o(i.Serial_GetRxFlag3)
    i.Serial_Init1                           0x08001438   Section        0  serial.o(i.Serial_Init1)
    i.Serial_Init2                           0x080014e8   Section        0  serial2.o(i.Serial_Init2)
    i.Serial_Init3                           0x08001594   Section        0  serial3.o(i.Serial_Init3)
    i.Serial_SendByte3                       0x08001644   Section        0  serial3.o(i.Serial_SendByte3)
    i.Serial_SendString3                     0x08001664   Section        0  serial3.o(i.Serial_SendString3)
    i.SetSysClock                            0x0800167c   Section        0  system_stm32f4xx.o(i.SetSysClock)
    SetSysClock                              0x0800167d   Thumb Code   168  system_stm32f4xx.o(i.SetSysClock)
    i.SysTick_Handler                        0x08001734   Section        0  main.o(i.SysTick_Handler)
    i.SystemInit                             0x08001744   Section        0  system_stm32f4xx.o(i.SystemInit)
    i.TI1_Config                             0x080017a0   Section        0  stm32f4xx_tim.o(i.TI1_Config)
    TI1_Config                               0x080017a1   Thumb Code    46  stm32f4xx_tim.o(i.TI1_Config)
    i.TI2_Config                             0x080017ce   Section        0  stm32f4xx_tim.o(i.TI2_Config)
    TI2_Config                               0x080017cf   Thumb Code    54  stm32f4xx_tim.o(i.TI2_Config)
    i.TI3_Config                             0x08001804   Section        0  stm32f4xx_tim.o(i.TI3_Config)
    TI3_Config                               0x08001805   Thumb Code    50  stm32f4xx_tim.o(i.TI3_Config)
    i.TI4_Config                             0x08001836   Section        0  stm32f4xx_tim.o(i.TI4_Config)
    TI4_Config                               0x08001837   Thumb Code    54  stm32f4xx_tim.o(i.TI4_Config)
    i.TIM7_IRQHandler                        0x0800186c   Section        0  main.o(i.TIM7_IRQHandler)
    i.TIM_ARRPreloadConfig                   0x08001b44   Section        0  stm32f4xx_tim.o(i.TIM_ARRPreloadConfig)
    i.TIM_ClearFlag                          0x08001b5c   Section        0  stm32f4xx_tim.o(i.TIM_ClearFlag)
    i.TIM_ClearITPendingBit                  0x08001b62   Section        0  stm32f4xx_tim.o(i.TIM_ClearITPendingBit)
    i.TIM_Cmd                                0x08001b68   Section        0  stm32f4xx_tim.o(i.TIM_Cmd)
    i.TIM_EncoderInterfaceConfig             0x08001b80   Section        0  stm32f4xx_tim.o(i.TIM_EncoderInterfaceConfig)
    i.TIM_GetCounter                         0x08001bb2   Section        0  stm32f4xx_tim.o(i.TIM_GetCounter)
    i.TIM_GetITStatus                        0x08001bb6   Section        0  stm32f4xx_tim.o(i.TIM_GetITStatus)
    i.TIM_ICInit                             0x08001bce   Section        0  stm32f4xx_tim.o(i.TIM_ICInit)
    i.TIM_ICStructInit                       0x08001c30   Section        0  stm32f4xx_tim.o(i.TIM_ICStructInit)
    i.TIM_ITConfig                           0x08001c40   Section        0  stm32f4xx_tim.o(i.TIM_ITConfig)
    i.TIM_OC1Init                            0x08001c54   Section        0  stm32f4xx_tim.o(i.TIM_OC1Init)
    i.TIM_OC1PreloadConfig                   0x08001cbc   Section        0  stm32f4xx_tim.o(i.TIM_OC1PreloadConfig)
    i.TIM_OC2Init                            0x08001cc8   Section        0  stm32f4xx_tim.o(i.TIM_OC2Init)
    i.TIM_OC2PreloadConfig                   0x08001d50   Section        0  stm32f4xx_tim.o(i.TIM_OC2PreloadConfig)
    i.TIM_OC3Init                            0x08001d64   Section        0  stm32f4xx_tim.o(i.TIM_OC3Init)
    i.TIM_OC3PreloadConfig                   0x08001de8   Section        0  stm32f4xx_tim.o(i.TIM_OC3PreloadConfig)
    i.TIM_OC4Init                            0x08001df4   Section        0  stm32f4xx_tim.o(i.TIM_OC4Init)
    i.TIM_OC4PreloadConfig                   0x08001e58   Section        0  stm32f4xx_tim.o(i.TIM_OC4PreloadConfig)
    i.TIM_SetCompare1                        0x08001e6c   Section        0  stm32f4xx_tim.o(i.TIM_SetCompare1)
    i.TIM_SetCompare2                        0x08001e70   Section        0  stm32f4xx_tim.o(i.TIM_SetCompare2)
    i.TIM_SetCompare3                        0x08001e74   Section        0  stm32f4xx_tim.o(i.TIM_SetCompare3)
    i.TIM_SetCompare4                        0x08001e78   Section        0  stm32f4xx_tim.o(i.TIM_SetCompare4)
    i.TIM_SetCounter                         0x08001e7c   Section        0  stm32f4xx_tim.o(i.TIM_SetCounter)
    i.TIM_SetIC1Prescaler                    0x08001e80   Section        0  stm32f4xx_tim.o(i.TIM_SetIC1Prescaler)
    i.TIM_SetIC2Prescaler                    0x08001e90   Section        0  stm32f4xx_tim.o(i.TIM_SetIC2Prescaler)
    i.TIM_SetIC3Prescaler                    0x08001ea8   Section        0  stm32f4xx_tim.o(i.TIM_SetIC3Prescaler)
    i.TIM_SetIC4Prescaler                    0x08001eb8   Section        0  stm32f4xx_tim.o(i.TIM_SetIC4Prescaler)
    i.TIM_TimeBaseInit                       0x08001ed0   Section        0  stm32f4xx_tim.o(i.TIM_TimeBaseInit)
    i.Timer3_Init                            0x08001f4c   Section        0  timer.o(i.Timer3_Init)
    i.Timer7_Init                            0x08002064   Section        0  timer.o(i.Timer7_Init)
    i.USART1_IRQHandler                      0x080020d4   Section        0  serial.o(i.USART1_IRQHandler)
    i.USART2_IRQHandler                      0x08002108   Section        0  serial2.o(i.USART2_IRQHandler)
    i.USART3_IRQHandler                      0x08002218   Section        0  serial3.o(i.USART3_IRQHandler)
    i.USART_ClearITPendingBit                0x0800224c   Section        0  stm32f4xx_usart.o(i.USART_ClearITPendingBit)
    i.USART_Cmd                              0x0800225c   Section        0  stm32f4xx_usart.o(i.USART_Cmd)
    i.USART_GetFlagStatus                    0x08002274   Section        0  stm32f4xx_usart.o(i.USART_GetFlagStatus)
    i.USART_GetITStatus                      0x08002282   Section        0  stm32f4xx_usart.o(i.USART_GetITStatus)
    i.USART_ITConfig                         0x080022c2   Section        0  stm32f4xx_usart.o(i.USART_ITConfig)
    i.USART_Init                             0x080022f8   Section        0  stm32f4xx_usart.o(i.USART_Init)
    i.USART_ReceiveData                      0x080023b4   Section        0  stm32f4xx_usart.o(i.USART_ReceiveData)
    i.USART_SendData                         0x080023bc   Section        0  stm32f4xx_usart.o(i.USART_SendData)
    i.UsageFault_Handler                     0x080023c4   Section        0  stm32f4xx_it.o(i.UsageFault_Handler)
    i.__0printf                              0x080023c8   Section        0  printfa.o(i.__0printf)
    i.__scatterload_copy                     0x080023e8   Section       14  handlers.o(i.__scatterload_copy)
    i.__scatterload_null                     0x080023f6   Section        2  handlers.o(i.__scatterload_null)
    i.__scatterload_zeroinit                 0x080023f8   Section       14  handlers.o(i.__scatterload_zeroinit)
    i._fp_digits                             0x08002408   Section        0  printfa.o(i._fp_digits)
    _fp_digits                               0x08002409   Thumb Code   366  printfa.o(i._fp_digits)
    i._printf_core                           0x0800258c   Section        0  printfa.o(i._printf_core)
    _printf_core                             0x0800258d   Thumb Code  1704  printfa.o(i._printf_core)
    i._printf_post_padding                   0x08002c40   Section        0  printfa.o(i._printf_post_padding)
    _printf_post_padding                     0x08002c41   Thumb Code    36  printfa.o(i._printf_post_padding)
    i._printf_pre_padding                    0x08002c64   Section        0  printfa.o(i._printf_pre_padding)
    _printf_pre_padding                      0x08002c65   Thumb Code    46  printfa.o(i._printf_pre_padding)
    i.fputc                                  0x08002c94   Section        0  serial.o(i.fputc)
    i.front                                  0x08002cb8   Section        0  main.o(i.front)
    i.ground_left                            0x08002da8   Section        0  main.o(i.ground_left)
    i.ground_left_to_180                     0x08002e9c   Section        0  main.o(i.ground_left_to_180)
    i.ground_right                           0x08002fc0   Section        0  main.o(i.ground_right)
    i.left                                   0x080030b4   Section        0  main.o(i.left)
    i.main                                   0x080031b0   Section        0  main.o(i.main)
    i.right                                  0x08003380   Section        0  main.o(i.right)
    i.send_arr_init                          0x0800347c   Section        0  main.o(i.send_arr_init)
    i.stop                                   0x080034a4   Section        0  main.o(i.stop)
    i.stop_2                                 0x080034e4   Section        0  main.o(i.stop_2)
    .data                                    0x20000000   Section       16  stm32f4xx_rcc.o(.data)
    APBAHBPrescTable                         0x20000000   Data          16  stm32f4xx_rcc.o(.data)
    .data                                    0x20000010   Section      120  main.o(.data)
    .data                                    0x20000088   Section        2  serial.o(.data)
    .data                                    0x2000008a   Section        4  serial2.o(.data)
    RxState                                  0x2000008a   Data           1  serial2.o(.data)
    pRxPacket                                0x2000008b   Data           1  serial2.o(.data)
    .data                                    0x2000008e   Section        2  serial3.o(.data)
    .data                                    0x20000090   Section        4  stdout.o(.data)
    .bss                                     0x20000094   Section      144  main.o(.bss)
    .bss                                     0x20000124   Section       11  serial.o(.bss)
    .bss                                     0x2000012f   Section       20  serial2.o(.bss)
    STACK                                    0x20000148   Section     1024  startup_stm32f4xx.o(STACK)

    Global Symbols

    Symbol Name                              Value     Ov Type        Size  Object(Section)

    BuildAttributes$$THM_ISAv4$E$P$D$K$B$S$7EM$VFPi3$EXTD16$VFPS$VFMA$PE$A:L22UL41UL21$X:L11$S22US41US21$IEEE1$IW$USESV6$~STKCKD$USESV7$~SHL$OTIME$ROPI$EBA8$MICROLIB$REQ8$PRES8$EABIv2 0x00000000   Number         0  anon$$obj.o ABSOLUTE
    __ARM_use_no_argv                        0x00000000   Number         0  main.o ABSOLUTE
    _printf_a                                0x00000000   Number         0  stubs.o ABSOLUTE
    _printf_c                                0x00000000   Number         0  stubs.o ABSOLUTE
    _printf_charcount                        0x00000000   Number         0  stubs.o ABSOLUTE
    _printf_d                                0x00000000   Number         0  stubs.o ABSOLUTE
    _printf_e                                0x00000000   Number         0  stubs.o ABSOLUTE
    _printf_f                                0x00000000   Number         0  stubs.o ABSOLUTE
    _printf_flags                            0x00000000   Number         0  stubs.o ABSOLUTE
    _printf_fp_dec                           0x00000000   Number         0  stubs.o ABSOLUTE
    _printf_fp_hex                           0x00000000   Number         0  stubs.o ABSOLUTE
    _printf_g                                0x00000000   Number         0  stubs.o ABSOLUTE
    _printf_i                                0x00000000   Number         0  stubs.o ABSOLUTE
    _printf_int_dec                          0x00000000   Number         0  stubs.o ABSOLUTE
    _printf_l                                0x00000000   Number         0  stubs.o ABSOLUTE
    _printf_lc                               0x00000000   Number         0  stubs.o ABSOLUTE
    _printf_ll                               0x00000000   Number         0  stubs.o ABSOLUTE
    _printf_lld                              0x00000000   Number         0  stubs.o ABSOLUTE
    _printf_lli                              0x00000000   Number         0  stubs.o ABSOLUTE
    _printf_llo                              0x00000000   Number         0  stubs.o ABSOLUTE
    _printf_llu                              0x00000000   Number         0  stubs.o ABSOLUTE
    _printf_llx                              0x00000000   Number         0  stubs.o ABSOLUTE
    _printf_longlong_dec                     0x00000000   Number         0  stubs.o ABSOLUTE
    _printf_longlong_hex                     0x00000000   Number         0  stubs.o ABSOLUTE
    _printf_longlong_oct                     0x00000000   Number         0  stubs.o ABSOLUTE
    _printf_ls                               0x00000000   Number         0  stubs.o ABSOLUTE
    _printf_mbtowc                           0x00000000   Number         0  stubs.o ABSOLUTE
    _printf_n                                0x00000000   Number         0  stubs.o ABSOLUTE
    _printf_o                                0x00000000   Number         0  stubs.o ABSOLUTE
    _printf_p                                0x00000000   Number         0  stubs.o ABSOLUTE
    _printf_percent                          0x00000000   Number         0  stubs.o ABSOLUTE
    _printf_pre_padding                      0x00000000   Number         0  stubs.o ABSOLUTE
    _printf_return_value                     0x00000000   Number         0  stubs.o ABSOLUTE
    _printf_s                                0x00000000   Number         0  stubs.o ABSOLUTE
    _printf_sizespec                         0x00000000   Number         0  stubs.o ABSOLUTE
    _printf_str                              0x00000000   Number         0  stubs.o ABSOLUTE
    _printf_truncate_signed                  0x00000000   Number         0  stubs.o ABSOLUTE
    _printf_truncate_unsigned                0x00000000   Number         0  stubs.o ABSOLUTE
    _printf_u                                0x00000000   Number         0  stubs.o ABSOLUTE
    _printf_wc                               0x00000000   Number         0  stubs.o ABSOLUTE
    _printf_wctomb                           0x00000000   Number         0  stubs.o ABSOLUTE
    _printf_widthprec                        0x00000000   Number         0  stubs.o ABSOLUTE
    _printf_x                                0x00000000   Number         0  stubs.o ABSOLUTE
    __arm_fini_                               - Undefined Weak Reference
    __cpp_initialize__aeabi_                  - Undefined Weak Reference
    __cxa_finalize                            - Undefined Weak Reference
    __decompress                              - Undefined Weak Reference
    _clock_init                               - Undefined Weak Reference
    _microlib_exit                            - Undefined Weak Reference
    __Vectors_Size                           0x00000188   Number         0  startup_stm32f4xx.o ABSOLUTE
    __Vectors                                0x08000000   Data           4  startup_stm32f4xx.o(RESET)
    __Vectors_End                            0x08000188   Data           0  startup_stm32f4xx.o(RESET)
    __main                                   0x08000189   Thumb Code     0  entry.o(.ARM.Collect$$$$00000000)
    _main_stk                                0x08000189   Thumb Code     0  entry2.o(.ARM.Collect$$$$00000001)
    _main_scatterload                        0x0800018d   Thumb Code     0  entry5.o(.ARM.Collect$$$$00000004)
    __main_after_scatterload                 0x08000191   Thumb Code     0  entry5.o(.ARM.Collect$$$$00000004)
    _main_clock                              0x08000191   Thumb Code     0  entry7b.o(.ARM.Collect$$$$00000008)
    _main_cpp_init                           0x08000191   Thumb Code     0  entry8b.o(.ARM.Collect$$$$0000000A)
    _main_init                               0x08000191   Thumb Code     0  entry9a.o(.ARM.Collect$$$$0000000B)
    __rt_lib_shutdown_fini                   0x08000199   Thumb Code     0  entry12b.o(.ARM.Collect$$$$0000000E)
    __rt_final_cpp                           0x0800019d   Thumb Code     0  entry10a.o(.ARM.Collect$$$$0000000F)
    __rt_final_exit                          0x0800019d   Thumb Code     0  entry11a.o(.ARM.Collect$$$$00000011)
    Reset_Handler                            0x080001a1   Thumb Code     8  startup_stm32f4xx.o(.text)
    ADC_IRQHandler                           0x080001bb   Thumb Code     0  startup_stm32f4xx.o(.text)
    CAN1_RX0_IRQHandler                      0x080001bb   Thumb Code     0  startup_stm32f4xx.o(.text)
    CAN1_RX1_IRQHandler                      0x080001bb   Thumb Code     0  startup_stm32f4xx.o(.text)
    CAN1_SCE_IRQHandler                      0x080001bb   Thumb Code     0  startup_stm32f4xx.o(.text)
    CAN1_TX_IRQHandler                       0x080001bb   Thumb Code     0  startup_stm32f4xx.o(.text)
    CAN2_RX0_IRQHandler                      0x080001bb   Thumb Code     0  startup_stm32f4xx.o(.text)
    CAN2_RX1_IRQHandler                      0x080001bb   Thumb Code     0  startup_stm32f4xx.o(.text)
    CAN2_SCE_IRQHandler                      0x080001bb   Thumb Code     0  startup_stm32f4xx.o(.text)
    CAN2_TX_IRQHandler                       0x080001bb   Thumb Code     0  startup_stm32f4xx.o(.text)
    CRYP_IRQHandler                          0x080001bb   Thumb Code     0  startup_stm32f4xx.o(.text)
    DCMI_IRQHandler                          0x080001bb   Thumb Code     0  startup_stm32f4xx.o(.text)
    DMA1_Stream0_IRQHandler                  0x080001bb   Thumb Code     0  startup_stm32f4xx.o(.text)
    DMA1_Stream1_IRQHandler                  0x080001bb   Thumb Code     0  startup_stm32f4xx.o(.text)
    DMA1_Stream2_IRQHandler                  0x080001bb   Thumb Code     0  startup_stm32f4xx.o(.text)
    DMA1_Stream3_IRQHandler                  0x080001bb   Thumb Code     0  startup_stm32f4xx.o(.text)
    DMA1_Stream4_IRQHandler                  0x080001bb   Thumb Code     0  startup_stm32f4xx.o(.text)
    DMA1_Stream5_IRQHandler                  0x080001bb   Thumb Code     0  startup_stm32f4xx.o(.text)
    DMA1_Stream6_IRQHandler                  0x080001bb   Thumb Code     0  startup_stm32f4xx.o(.text)
    DMA1_Stream7_IRQHandler                  0x080001bb   Thumb Code     0  startup_stm32f4xx.o(.text)
    DMA2_Stream0_IRQHandler                  0x080001bb   Thumb Code     0  startup_stm32f4xx.o(.text)
    DMA2_Stream1_IRQHandler                  0x080001bb   Thumb Code     0  startup_stm32f4xx.o(.text)
    DMA2_Stream2_IRQHandler                  0x080001bb   Thumb Code     0  startup_stm32f4xx.o(.text)
    DMA2_Stream3_IRQHandler                  0x080001bb   Thumb Code     0  startup_stm32f4xx.o(.text)
    DMA2_Stream4_IRQHandler                  0x080001bb   Thumb Code     0  startup_stm32f4xx.o(.text)
    DMA2_Stream5_IRQHandler                  0x080001bb   Thumb Code     0  startup_stm32f4xx.o(.text)
    DMA2_Stream6_IRQHandler                  0x080001bb   Thumb Code     0  startup_stm32f4xx.o(.text)
    DMA2_Stream7_IRQHandler                  0x080001bb   Thumb Code     0  startup_stm32f4xx.o(.text)
    ETH_IRQHandler                           0x080001bb   Thumb Code     0  startup_stm32f4xx.o(.text)
    ETH_WKUP_IRQHandler                      0x080001bb   Thumb Code     0  startup_stm32f4xx.o(.text)
    EXTI0_IRQHandler                         0x080001bb   Thumb Code     0  startup_stm32f4xx.o(.text)
    EXTI15_10_IRQHandler                     0x080001bb   Thumb Code     0  startup_stm32f4xx.o(.text)
    EXTI1_IRQHandler                         0x080001bb   Thumb Code     0  startup_stm32f4xx.o(.text)
    EXTI2_IRQHandler                         0x080001bb   Thumb Code     0  startup_stm32f4xx.o(.text)
    EXTI3_IRQHandler                         0x080001bb   Thumb Code     0  startup_stm32f4xx.o(.text)
    EXTI4_IRQHandler                         0x080001bb   Thumb Code     0  startup_stm32f4xx.o(.text)
    EXTI9_5_IRQHandler                       0x080001bb   Thumb Code     0  startup_stm32f4xx.o(.text)
    FLASH_IRQHandler                         0x080001bb   Thumb Code     0  startup_stm32f4xx.o(.text)
    FPU_IRQHandler                           0x080001bb   Thumb Code     0  startup_stm32f4xx.o(.text)
    FSMC_IRQHandler                          0x080001bb   Thumb Code     0  startup_stm32f4xx.o(.text)
    HASH_RNG_IRQHandler                      0x080001bb   Thumb Code     0  startup_stm32f4xx.o(.text)
    I2C1_ER_IRQHandler                       0x080001bb   Thumb Code     0  startup_stm32f4xx.o(.text)
    I2C1_EV_IRQHandler                       0x080001bb   Thumb Code     0  startup_stm32f4xx.o(.text)
    I2C2_ER_IRQHandler                       0x080001bb   Thumb Code     0  startup_stm32f4xx.o(.text)
    I2C2_EV_IRQHandler                       0x080001bb   Thumb Code     0  startup_stm32f4xx.o(.text)
    I2C3_ER_IRQHandler                       0x080001bb   Thumb Code     0  startup_stm32f4xx.o(.text)
    I2C3_EV_IRQHandler                       0x080001bb   Thumb Code     0  startup_stm32f4xx.o(.text)
    OTG_FS_IRQHandler                        0x080001bb   Thumb Code     0  startup_stm32f4xx.o(.text)
    OTG_FS_WKUP_IRQHandler                   0x080001bb   Thumb Code     0  startup_stm32f4xx.o(.text)
    OTG_HS_EP1_IN_IRQHandler                 0x080001bb   Thumb Code     0  startup_stm32f4xx.o(.text)
    OTG_HS_EP1_OUT_IRQHandler                0x080001bb   Thumb Code     0  startup_stm32f4xx.o(.text)
    OTG_HS_IRQHandler                        0x080001bb   Thumb Code     0  startup_stm32f4xx.o(.text)
    OTG_HS_WKUP_IRQHandler                   0x080001bb   Thumb Code     0  startup_stm32f4xx.o(.text)
    PVD_IRQHandler                           0x080001bb   Thumb Code     0  startup_stm32f4xx.o(.text)
    RCC_IRQHandler                           0x080001bb   Thumb Code     0  startup_stm32f4xx.o(.text)
    RTC_Alarm_IRQHandler                     0x080001bb   Thumb Code     0  startup_stm32f4xx.o(.text)
    RTC_WKUP_IRQHandler                      0x080001bb   Thumb Code     0  startup_stm32f4xx.o(.text)
    SDIO_IRQHandler                          0x080001bb   Thumb Code     0  startup_stm32f4xx.o(.text)
    SPI1_IRQHandler                          0x080001bb   Thumb Code     0  startup_stm32f4xx.o(.text)
    SPI2_IRQHandler                          0x080001bb   Thumb Code     0  startup_stm32f4xx.o(.text)
    SPI3_IRQHandler                          0x080001bb   Thumb Code     0  startup_stm32f4xx.o(.text)
    TAMP_STAMP_IRQHandler                    0x080001bb   Thumb Code     0  startup_stm32f4xx.o(.text)
    TIM1_BRK_TIM9_IRQHandler                 0x080001bb   Thumb Code     0  startup_stm32f4xx.o(.text)
    TIM1_CC_IRQHandler                       0x080001bb   Thumb Code     0  startup_stm32f4xx.o(.text)
    TIM1_TRG_COM_TIM11_IRQHandler            0x080001bb   Thumb Code     0  startup_stm32f4xx.o(.text)
    TIM1_UP_TIM10_IRQHandler                 0x080001bb   Thumb Code     0  startup_stm32f4xx.o(.text)
    TIM2_IRQHandler                          0x080001bb   Thumb Code     0  startup_stm32f4xx.o(.text)
    TIM3_IRQHandler                          0x080001bb   Thumb Code     0  startup_stm32f4xx.o(.text)
    TIM4_IRQHandler                          0x080001bb   Thumb Code     0  startup_stm32f4xx.o(.text)
    TIM5_IRQHandler                          0x080001bb   Thumb Code     0  startup_stm32f4xx.o(.text)
    TIM6_DAC_IRQHandler                      0x080001bb   Thumb Code     0  startup_stm32f4xx.o(.text)
    TIM8_BRK_TIM12_IRQHandler                0x080001bb   Thumb Code     0  startup_stm32f4xx.o(.text)
    TIM8_CC_IRQHandler                       0x080001bb   Thumb Code     0  startup_stm32f4xx.o(.text)
    TIM8_TRG_COM_TIM14_IRQHandler            0x080001bb   Thumb Code     0  startup_stm32f4xx.o(.text)
    TIM8_UP_TIM13_IRQHandler                 0x080001bb   Thumb Code     0  startup_stm32f4xx.o(.text)
    UART4_IRQHandler                         0x080001bb   Thumb Code     0  startup_stm32f4xx.o(.text)
    UART5_IRQHandler                         0x080001bb   Thumb Code     0  startup_stm32f4xx.o(.text)
    USART6_IRQHandler                        0x080001bb   Thumb Code     0  startup_stm32f4xx.o(.text)
    WWDG_IRQHandler                          0x080001bb   Thumb Code     0  startup_stm32f4xx.o(.text)
    __aeabi_dadd                             0x080001c5   Thumb Code   322  dadd.o(.text)
    __aeabi_dsub                             0x08000307   Thumb Code     6  dadd.o(.text)
    __aeabi_drsub                            0x0800030d   Thumb Code     6  dadd.o(.text)
    __aeabi_dmul                             0x08000313   Thumb Code   228  dmul.o(.text)
    __aeabi_i2d                              0x080003f7   Thumb Code    34  dflti.o(.text)
    __aeabi_d2iz                             0x08000419   Thumb Code    62  dfixi.o(.text)
    __aeabi_cdrcmple                         0x08000459   Thumb Code    48  cdrcmple.o(.text)
    __aeabi_d2f                              0x08000489   Thumb Code    56  d2f.o(.text)
    __aeabi_uidiv                            0x080004c1   Thumb Code     0  uidiv.o(.text)
    __aeabi_uidivmod                         0x080004c1   Thumb Code    44  uidiv.o(.text)
    __aeabi_uldivmod                         0x080004ed   Thumb Code    98  uldiv.o(.text)
    __aeabi_llsl                             0x0800054f   Thumb Code    30  llshl.o(.text)
    _ll_shift_l                              0x0800054f   Thumb Code     0  llshl.o(.text)
    __aeabi_llsr                             0x0800056d   Thumb Code    32  llushr.o(.text)
    _ll_ushift_r                             0x0800056d   Thumb Code     0  llushr.o(.text)
    __aeabi_lasr                             0x0800058d   Thumb Code    36  llsshr.o(.text)
    _ll_sshift_r                             0x0800058d   Thumb Code     0  llsshr.o(.text)
    __I$use$fp                               0x080005b1   Thumb Code     0  iusefp.o(.text)
    _float_round                             0x080005b1   Thumb Code    18  fepilogue.o(.text)
    _float_epilogue                          0x080005c3   Thumb Code    92  fepilogue.o(.text)
    _double_round                            0x0800061f   Thumb Code    30  depilogue.o(.text)
    _double_epilogue                         0x0800063d   Thumb Code   156  depilogue.o(.text)
    __aeabi_ddiv                             0x080006d9   Thumb Code   222  ddiv.o(.text)
    __aeabi_d2ulz                            0x080007b7   Thumb Code    48  dfixul.o(.text)
    __scatterload                            0x080007e9   Thumb Code    28  init.o(.text)
    __scatterload_rt2                        0x080007e9   Thumb Code     0  init.o(.text)
    A_b                                      0x0800080d   Thumb Code    32  main.o(i.A_b)
    A_f                                      0x08000835   Thumb Code    32  main.o(i.A_f)
    A_s                                      0x0800085d   Thumb Code    32  main.o(i.A_s)
    B_b                                      0x08000885   Thumb Code    32  main.o(i.B_b)
    B_f                                      0x080008ad   Thumb Code    32  main.o(i.B_f)
    B_s                                      0x080008d5   Thumb Code    32  main.o(i.B_s)
    BusFault_Handler                         0x080008fd   Thumb Code     2  stm32f4xx_it.o(i.BusFault_Handler)
    C_b                                      0x08000901   Thumb Code    32  main.o(i.C_b)
    C_f                                      0x08000929   Thumb Code    32  main.o(i.C_f)
    C_s                                      0x08000951   Thumb Code    32  main.o(i.C_s)
    D_b                                      0x08000979   Thumb Code    32  main.o(i.D_b)
    D_f                                      0x080009a1   Thumb Code    32  main.o(i.D_f)
    D_s                                      0x080009c9   Thumb Code    32  main.o(i.D_s)
    DebugMon_Handler                         0x080009f1   Thumb Code     2  stm32f4xx_it.o(i.DebugMon_Handler)
    Delay_ms                                 0x080009f3   Thumb Code    24  delay.o(i.Delay_ms)
    Delay_us                                 0x08000a0b   Thumb Code    32  delay.o(i.Delay_us)
    EncoderA_Get                             0x08000a2d   Thumb Code    24  timer.o(i.EncoderA_Get)
    EncoderA_Init                            0x08000a49   Thumb Code   174  timer.o(i.EncoderA_Init)
    EncoderB_Get                             0x08000b01   Thumb Code    24  timer.o(i.EncoderB_Get)
    EncoderB_Init                            0x08000b1d   Thumb Code   172  timer.o(i.EncoderB_Init)
    EncoderC_Get                             0x08000bd1   Thumb Code    26  timer.o(i.EncoderC_Get)
    EncoderC_Init                            0x08000bed   Thumb Code   212  timer.o(i.EncoderC_Init)
    EncoderD_Get                             0x08000cc9   Thumb Code    24  timer.o(i.EncoderD_Get)
    EncoderD_Init                            0x08000ce5   Thumb Code   174  timer.o(i.EncoderD_Init)
    GPIO_Init                                0x08000d9d   Thumb Code   124  stm32f4xx_gpio.o(i.GPIO_Init)
    GPIO_PinAFConfig                         0x08000e19   Thumb Code    32  stm32f4xx_gpio.o(i.GPIO_PinAFConfig)
    GPIO_ReadInputDataBit                    0x08000e39   Thumb Code    14  stm32f4xx_gpio.o(i.GPIO_ReadInputDataBit)
    GPIO_ResetBits                           0x08000e47   Thumb Code     4  stm32f4xx_gpio.o(i.GPIO_ResetBits)
    GPIO_SetBits                             0x08000e4b   Thumb Code     4  stm32f4xx_gpio.o(i.GPIO_SetBits)
    GPIO_WriteBit                            0x08000e4f   Thumb Code    12  stm32f4xx_gpio.o(i.GPIO_WriteBit)
    GPIO_init                                0x08000e5d   Thumb Code   126  gpio.o(i.GPIO_init)
    HardFault_Handler                        0x08000ee5   Thumb Code     2  stm32f4xx_it.o(i.HardFault_Handler)
    MemManage_Handler                        0x08000ee7   Thumb Code     2  stm32f4xx_it.o(i.MemManage_Handler)
    NMI_Handler                              0x08000ee9   Thumb Code     2  stm32f4xx_it.o(i.NMI_Handler)
    NVIC_Init                                0x08000eed   Thumb Code    98  misc.o(i.NVIC_Init)
    NVIC_PriorityGroupConfig                 0x08000f55   Thumb Code    10  misc.o(i.NVIC_PriorityGroupConfig)
    OLED_Clear                               0x08000f69   Thumb Code    58  oled.o(i.OLED_Clear)
    OLED_IIC_Start                           0x08000fa5   Thumb Code    70  oled.o(i.OLED_IIC_Start)
    OLED_IIC_Stop                            0x08000ff1   Thumb Code    56  oled.o(i.OLED_IIC_Stop)
    OLED_IIC_Wait_Ack                        0x0800102d   Thumb Code    40  oled.o(i.OLED_IIC_Wait_Ack)
    OLED_Init                                0x08001059   Thumb Code   282  oled.o(i.OLED_Init)
    OLED_WR_Byte                             0x08001179   Thumb Code    16  oled.o(i.OLED_WR_Byte)
    OLED_Write_IIC_Byte                      0x08001189   Thumb Code   114  oled.o(i.OLED_Write_IIC_Byte)
    OLED_Write_IIC_Command                   0x08001201   Thumb Code    46  oled.o(i.OLED_Write_IIC_Command)
    OLED_Write_IIC_Data                      0x0800122f   Thumb Code    46  oled.o(i.OLED_Write_IIC_Data)
    PID__init                                0x0800125d   Thumb Code    42  pid.o(i.PID__init)
    PID__ralize                              0x0800128d   Thumb Code   110  pid.o(i.PID__ralize)
    PendSV_Handler                           0x0800130d   Thumb Code     2  stm32f4xx_it.o(i.PendSV_Handler)
    RCC_AHB1PeriphClockCmd                   0x08001311   Thumb Code    22  stm32f4xx_rcc.o(i.RCC_AHB1PeriphClockCmd)
    RCC_APB1PeriphClockCmd                   0x0800132d   Thumb Code    22  stm32f4xx_rcc.o(i.RCC_APB1PeriphClockCmd)
    RCC_APB2PeriphClockCmd                   0x08001349   Thumb Code    22  stm32f4xx_rcc.o(i.RCC_APB2PeriphClockCmd)
    RCC_GetClocksFreq                        0x08001365   Thumb Code   148  stm32f4xx_rcc.o(i.RCC_GetClocksFreq)
    SVC_Handler                              0x08001405   Thumb Code     2  stm32f4xx_it.o(i.SVC_Handler)
    Serial_GetRxFlag2                        0x08001409   Thumb Code    20  serial2.o(i.Serial_GetRxFlag2)
    Serial_GetRxFlag3                        0x08001421   Thumb Code    20  serial3.o(i.Serial_GetRxFlag3)
    Serial_Init1                             0x08001439   Thumb Code   166  serial.o(i.Serial_Init1)
    Serial_Init2                             0x080014e9   Thumb Code   164  serial2.o(i.Serial_Init2)
    Serial_Init3                             0x08001595   Thumb Code   166  serial3.o(i.Serial_Init3)
    Serial_SendByte3                         0x08001645   Thumb Code    26  serial3.o(i.Serial_SendByte3)
    Serial_SendString3                       0x08001665   Thumb Code    24  serial3.o(i.Serial_SendString3)
    SysTick_Handler                          0x08001735   Thumb Code    10  main.o(i.SysTick_Handler)
    SystemInit                               0x08001745   Thumb Code    74  system_stm32f4xx.o(i.SystemInit)
    TIM7_IRQHandler                          0x0800186d   Thumb Code   698  main.o(i.TIM7_IRQHandler)
    TIM_ARRPreloadConfig                     0x08001b45   Thumb Code    24  stm32f4xx_tim.o(i.TIM_ARRPreloadConfig)
    TIM_ClearFlag                            0x08001b5d   Thumb Code     6  stm32f4xx_tim.o(i.TIM_ClearFlag)
    TIM_ClearITPendingBit                    0x08001b63   Thumb Code     6  stm32f4xx_tim.o(i.TIM_ClearITPendingBit)
    TIM_Cmd                                  0x08001b69   Thumb Code    24  stm32f4xx_tim.o(i.TIM_Cmd)
    TIM_EncoderInterfaceConfig               0x08001b81   Thumb Code    50  stm32f4xx_tim.o(i.TIM_EncoderInterfaceConfig)
    TIM_GetCounter                           0x08001bb3   Thumb Code     4  stm32f4xx_tim.o(i.TIM_GetCounter)
    TIM_GetITStatus                          0x08001bb7   Thumb Code    24  stm32f4xx_tim.o(i.TIM_GetITStatus)
    TIM_ICInit                               0x08001bcf   Thumb Code    98  stm32f4xx_tim.o(i.TIM_ICInit)
    TIM_ICStructInit                         0x08001c31   Thumb Code    16  stm32f4xx_tim.o(i.TIM_ICStructInit)
    TIM_ITConfig                             0x08001c41   Thumb Code    20  stm32f4xx_tim.o(i.TIM_ITConfig)
    TIM_OC1Init                              0x08001c55   Thumb Code    96  stm32f4xx_tim.o(i.TIM_OC1Init)
    TIM_OC1PreloadConfig                     0x08001cbd   Thumb Code    12  stm32f4xx_tim.o(i.TIM_OC1PreloadConfig)
    TIM_OC2Init                              0x08001cc9   Thumb Code   128  stm32f4xx_tim.o(i.TIM_OC2Init)
    TIM_OC2PreloadConfig                     0x08001d51   Thumb Code    20  stm32f4xx_tim.o(i.TIM_OC2PreloadConfig)
    TIM_OC3Init                              0x08001d65   Thumb Code   124  stm32f4xx_tim.o(i.TIM_OC3Init)
    TIM_OC3PreloadConfig                     0x08001de9   Thumb Code    12  stm32f4xx_tim.o(i.TIM_OC3PreloadConfig)
    TIM_OC4Init                              0x08001df5   Thumb Code    92  stm32f4xx_tim.o(i.TIM_OC4Init)
    TIM_OC4PreloadConfig                     0x08001e59   Thumb Code    20  stm32f4xx_tim.o(i.TIM_OC4PreloadConfig)
    TIM_SetCompare1                          0x08001e6d   Thumb Code     4  stm32f4xx_tim.o(i.TIM_SetCompare1)
    TIM_SetCompare2                          0x08001e71   Thumb Code     4  stm32f4xx_tim.o(i.TIM_SetCompare2)
    TIM_SetCompare3                          0x08001e75   Thumb Code     4  stm32f4xx_tim.o(i.TIM_SetCompare3)
    TIM_SetCompare4                          0x08001e79   Thumb Code     4  stm32f4xx_tim.o(i.TIM_SetCompare4)
    TIM_SetCounter                           0x08001e7d   Thumb Code     4  stm32f4xx_tim.o(i.TIM_SetCounter)
    TIM_SetIC1Prescaler                      0x08001e81   Thumb Code    16  stm32f4xx_tim.o(i.TIM_SetIC1Prescaler)
    TIM_SetIC2Prescaler                      0x08001e91   Thumb Code    24  stm32f4xx_tim.o(i.TIM_SetIC2Prescaler)
    TIM_SetIC3Prescaler                      0x08001ea9   Thumb Code    16  stm32f4xx_tim.o(i.TIM_SetIC3Prescaler)
    TIM_SetIC4Prescaler                      0x08001eb9   Thumb Code    24  stm32f4xx_tim.o(i.TIM_SetIC4Prescaler)
    TIM_TimeBaseInit                         0x08001ed1   Thumb Code    96  stm32f4xx_tim.o(i.TIM_TimeBaseInit)
    Timer3_Init                              0x08001f4d   Thumb Code   266  timer.o(i.Timer3_Init)
    Timer7_Init                              0x08002065   Thumb Code   106  timer.o(i.Timer7_Init)
    USART1_IRQHandler                        0x080020d5   Thumb Code    44  serial.o(i.USART1_IRQHandler)
    USART2_IRQHandler                        0x08002109   Thumb Code   238  serial2.o(i.USART2_IRQHandler)
    USART3_IRQHandler                        0x08002219   Thumb Code    44  serial3.o(i.USART3_IRQHandler)
    USART_ClearITPendingBit                  0x0800224d   Thumb Code    16  stm32f4xx_usart.o(i.USART_ClearITPendingBit)
    USART_Cmd                                0x0800225d   Thumb Code    24  stm32f4xx_usart.o(i.USART_Cmd)
    USART_GetFlagStatus                      0x08002275   Thumb Code    14  stm32f4xx_usart.o(i.USART_GetFlagStatus)
    USART_GetITStatus                        0x08002283   Thumb Code    64  stm32f4xx_usart.o(i.USART_GetITStatus)
    USART_ITConfig                           0x080022c3   Thumb Code    54  stm32f4xx_usart.o(i.USART_ITConfig)
    USART_Init                               0x080022f9   Thumb Code   180  stm32f4xx_usart.o(i.USART_Init)
    USART_ReceiveData                        0x080023b5   Thumb Code     8  stm32f4xx_usart.o(i.USART_ReceiveData)
    USART_SendData                           0x080023bd   Thumb Code     8  stm32f4xx_usart.o(i.USART_SendData)
    UsageFault_Handler                       0x080023c5   Thumb Code     2  stm32f4xx_it.o(i.UsageFault_Handler)
    __0printf                                0x080023c9   Thumb Code    22  printfa.o(i.__0printf)
    __1printf                                0x080023c9   Thumb Code     0  printfa.o(i.__0printf)
    __2printf                                0x080023c9   Thumb Code     0  printfa.o(i.__0printf)
    __c89printf                              0x080023c9   Thumb Code     0  printfa.o(i.__0printf)
    printf                                   0x080023c9   Thumb Code     0  printfa.o(i.__0printf)
    __scatterload_copy                       0x080023e9   Thumb Code    14  handlers.o(i.__scatterload_copy)
    __scatterload_null                       0x080023f7   Thumb Code     2  handlers.o(i.__scatterload_null)
    __scatterload_zeroinit                   0x080023f9   Thumb Code    14  handlers.o(i.__scatterload_zeroinit)
    fputc                                    0x08002c95   Thumb Code    30  serial.o(i.fputc)
    front                                    0x08002cb9   Thumb Code   206  main.o(i.front)
    ground_left                              0x08002da9   Thumb Code   210  main.o(i.ground_left)
    ground_left_to_180                       0x08002e9d   Thumb Code   254  main.o(i.ground_left_to_180)
    ground_right                             0x08002fc1   Thumb Code   210  main.o(i.ground_right)
    left                                     0x080030b5   Thumb Code   210  main.o(i.left)
    main                                     0x080031b1   Thumb Code   436  main.o(i.main)
    right                                    0x08003381   Thumb Code   210  main.o(i.right)
    send_arr_init                            0x0800347d   Thumb Code    36  main.o(i.send_arr_init)
    stop                                     0x080034a5   Thumb Code    56  main.o(i.stop)
    stop_2                                   0x080034e5   Thumb Code    48  main.o(i.stop_2)
    Region$$Table$$Base                      0x0800351c   Number         0  anon$$obj.o(Region$$Table)
    Region$$Table$$Limit                     0x0800353c   Number         0  anon$$obj.o(Region$$Table)
    flag                                     0x20000010   Data           4  main.o(.data)
    flag_2                                   0x20000014   Data           4  main.o(.data)
    flag_3                                   0x20000018   Data           4  main.o(.data)
    flag_4                                   0x2000001c   Data           4  main.o(.data)
    reflog                                   0x20000020   Data           4  main.o(.data)
    msCnt                                    0x20000024   Data           4  main.o(.data)
    car_odomtery_dif                         0x20000028   Data           4  main.o(.data)
    car_odomtery_last                        0x2000002c   Data           4  main.o(.data)
    car_odomtery_now                         0x20000030   Data           4  main.o(.data)
    car_status                               0x20000034   Data           4  main.o(.data)
    count                                    0x20000038   Data           4  main.o(.data)
    speed_A                                  0x2000003c   Data           4  main.o(.data)
    newspeed_A                               0x20000040   Data           4  main.o(.data)
    pwmA                                     0x20000044   Data           4  main.o(.data)
    speed_B                                  0x20000048   Data           4  main.o(.data)
    newspeed_B                               0x2000004c   Data           4  main.o(.data)
    pwmB                                     0x20000050   Data           4  main.o(.data)
    speed_C                                  0x20000054   Data           4  main.o(.data)
    newspeed_C                               0x20000058   Data           4  main.o(.data)
    pwmC                                     0x2000005c   Data           4  main.o(.data)
    speed_D                                  0x20000060   Data           4  main.o(.data)
    newspeed_D                               0x20000064   Data           4  main.o(.data)
    pwmD                                     0x20000068   Data           4  main.o(.data)
    A_status                                 0x2000006c   Data           4  main.o(.data)
    B_status                                 0x20000070   Data           4  main.o(.data)
    C_status                                 0x20000074   Data           4  main.o(.data)
    D_status                                 0x20000078   Data           4  main.o(.data)
    timer_flog                               0x2000007c   Data           4  main.o(.data)
    state_yet                                0x20000080   Data           4  main.o(.data)
    angle                                    0x20000084   Data           4  main.o(.data)
    RxData                                   0x20000088   Data           1  serial.o(.data)
    Serial_RxFlag1                           0x20000089   Data           1  serial.o(.data)
    Serial_RxFlag2                           0x2000008c   Data           1  serial2.o(.data)
    RxData2                                  0x2000008d   Data           1  serial2.o(.data)
    Serial_RxFlag3                           0x2000008e   Data           1  serial3.o(.data)
    RxData3                                  0x2000008f   Data           1  serial3.o(.data)
    __stdout                                 0x20000090   Data           4  stdout.o(.data)
    PID_A                                    0x20000094   Data          36  main.o(.bss)
    PID_B                                    0x200000b8   Data          36  main.o(.bss)
    PID_C                                    0x200000dc   Data          36  main.o(.bss)
    PID_D                                    0x20000100   Data          36  main.o(.bss)
    send1                                    0x20000124   Data          11  serial.o(.bss)
    recive2                                  0x2000012f   Data          20  serial2.o(.bss)
    __initial_sp                             0x20000548   Data           0  startup_stm32f4xx.o(STACK)



==============================================================================

Memory Map of the image

  Image Entry point : 0x08000189

  Load Region LR_IROM1 (Base: 0x08000000, Size: 0x000035d0, Max: 0x00100000, ABSOLUTE)

    Execution Region ER_IROM1 (Exec base: 0x08000000, Load base: 0x08000000, Size: 0x0000353c, Max: 0x00100000, ABSOLUTE)

    Exec Addr    Load Addr    Size         Type   Attr      Idx    E Section Name        Object

    0x08000000   0x08000000   0x00000188   Data   RO            3    RESET               startup_stm32f4xx.o
    0x08000188   0x08000188   0x00000000   Code   RO         4919  * .ARM.Collect$$$$00000000  mc_w.l(entry.o)
    0x08000188   0x08000188   0x00000004   Code   RO         5203    .ARM.Collect$$$$00000001  mc_w.l(entry2.o)
    0x0800018c   0x0800018c   0x00000004   Code   RO         5206    .ARM.Collect$$$$00000004  mc_w.l(entry5.o)
    0x08000190   0x08000190   0x00000000   Code   RO         5208    .ARM.Collect$$$$00000008  mc_w.l(entry7b.o)
    0x08000190   0x08000190   0x00000000   Code   RO         5210    .ARM.Collect$$$$0000000A  mc_w.l(entry8b.o)
    0x08000190   0x08000190   0x00000008   Code   RO         5211    .ARM.Collect$$$$0000000B  mc_w.l(entry9a.o)
    0x08000198   0x08000198   0x00000004   Code   RO         5218    .ARM.Collect$$$$0000000E  mc_w.l(entry12b.o)
    0x0800019c   0x0800019c   0x00000000   Code   RO         5213    .ARM.Collect$$$$0000000F  mc_w.l(entry10a.o)
    0x0800019c   0x0800019c   0x00000000   Code   RO         5215    .ARM.Collect$$$$00000011  mc_w.l(entry11a.o)
    0x0800019c   0x0800019c   0x00000004   Code   RO         5204    .ARM.Collect$$$$00002712  mc_w.l(entry2.o)
    0x080001a0   0x080001a0   0x00000024   Code   RO            4    .text               startup_stm32f4xx.o
    0x080001c4   0x080001c4   0x0000014e   Code   RO         5183    .text               mf_w.l(dadd.o)
    0x08000312   0x08000312   0x000000e4   Code   RO         5185    .text               mf_w.l(dmul.o)
    0x080003f6   0x080003f6   0x00000022   Code   RO         5189    .text               mf_w.l(dflti.o)
    0x08000418   0x08000418   0x0000003e   Code   RO         5193    .text               mf_w.l(dfixi.o)
    0x08000456   0x08000456   0x00000002   PAD
    0x08000458   0x08000458   0x00000030   Code   RO         5199    .text               mf_w.l(cdrcmple.o)
    0x08000488   0x08000488   0x00000038   Code   RO         5201    .text               mf_w.l(d2f.o)
    0x080004c0   0x080004c0   0x0000002c   Code   RO         5220    .text               mc_w.l(uidiv.o)
    0x080004ec   0x080004ec   0x00000062   Code   RO         5222    .text               mc_w.l(uldiv.o)
    0x0800054e   0x0800054e   0x0000001e   Code   RO         5224    .text               mc_w.l(llshl.o)
    0x0800056c   0x0800056c   0x00000020   Code   RO         5226    .text               mc_w.l(llushr.o)
    0x0800058c   0x0800058c   0x00000024   Code   RO         5228    .text               mc_w.l(llsshr.o)
    0x080005b0   0x080005b0   0x00000000   Code   RO         5230    .text               mc_w.l(iusefp.o)
    0x080005b0   0x080005b0   0x0000006e   Code   RO         5231    .text               mf_w.l(fepilogue.o)
    0x0800061e   0x0800061e   0x000000ba   Code   RO         5233    .text               mf_w.l(depilogue.o)
    0x080006d8   0x080006d8   0x000000de   Code   RO         5235    .text               mf_w.l(ddiv.o)
    0x080007b6   0x080007b6   0x00000030   Code   RO         5237    .text               mf_w.l(dfixul.o)
    0x080007e6   0x080007e6   0x00000002   PAD
    0x080007e8   0x080007e8   0x00000024   Code   RO         5239    .text               mc_w.l(init.o)
    0x0800080c   0x0800080c   0x00000028   Code   RO         4091    i.A_b               main.o
    0x08000834   0x08000834   0x00000028   Code   RO         4092    i.A_f               main.o
    0x0800085c   0x0800085c   0x00000028   Code   RO         4093    i.A_s               main.o
    0x08000884   0x08000884   0x00000028   Code   RO         4094    i.B_b               main.o
    0x080008ac   0x080008ac   0x00000028   Code   RO         4095    i.B_f               main.o
    0x080008d4   0x080008d4   0x00000028   Code   RO         4096    i.B_s               main.o
    0x080008fc   0x080008fc   0x00000002   Code   RO         4030    i.BusFault_Handler  stm32f4xx_it.o
    0x080008fe   0x080008fe   0x00000002   PAD
    0x08000900   0x08000900   0x00000028   Code   RO         4097    i.C_b               main.o
    0x08000928   0x08000928   0x00000028   Code   RO         4098    i.C_f               main.o
    0x08000950   0x08000950   0x00000028   Code   RO         4099    i.C_s               main.o
    0x08000978   0x08000978   0x00000028   Code   RO         4100    i.D_b               main.o
    0x080009a0   0x080009a0   0x00000028   Code   RO         4101    i.D_f               main.o
    0x080009c8   0x080009c8   0x00000028   Code   RO         4102    i.D_s               main.o
    0x080009f0   0x080009f0   0x00000002   Code   RO         4031    i.DebugMon_Handler  stm32f4xx_it.o
    0x080009f2   0x080009f2   0x00000018   Code   RO         4570    i.Delay_ms          delay.o
    0x08000a0a   0x08000a0a   0x00000020   Code   RO         4572    i.Delay_us          delay.o
    0x08000a2a   0x08000a2a   0x00000002   PAD
    0x08000a2c   0x08000a2c   0x0000001c   Code   RO         4680    i.EncoderA_Get      timer.o
    0x08000a48   0x08000a48   0x000000b8   Code   RO         4681    i.EncoderA_Init     timer.o
    0x08000b00   0x08000b00   0x0000001c   Code   RO         4682    i.EncoderB_Get      timer.o
    0x08000b1c   0x08000b1c   0x000000b4   Code   RO         4683    i.EncoderB_Init     timer.o
    0x08000bd0   0x08000bd0   0x0000001a   Code   RO         4684    i.EncoderC_Get      timer.o
    0x08000bea   0x08000bea   0x00000002   PAD
    0x08000bec   0x08000bec   0x000000dc   Code   RO         4685    i.EncoderC_Init     timer.o
    0x08000cc8   0x08000cc8   0x0000001c   Code   RO         4686    i.EncoderD_Get      timer.o
    0x08000ce4   0x08000ce4   0x000000b8   Code   RO         4687    i.EncoderD_Init     timer.o
    0x08000d9c   0x08000d9c   0x0000007c   Code   RO          393    i.GPIO_Init         stm32f4xx_gpio.o
    0x08000e18   0x08000e18   0x00000020   Code   RO          394    i.GPIO_PinAFConfig  stm32f4xx_gpio.o
    0x08000e38   0x08000e38   0x0000000e   Code   RO          397    i.GPIO_ReadInputDataBit  stm32f4xx_gpio.o
    0x08000e46   0x08000e46   0x00000004   Code   RO          400    i.GPIO_ResetBits    stm32f4xx_gpio.o
    0x08000e4a   0x08000e4a   0x00000004   Code   RO          401    i.GPIO_SetBits      stm32f4xx_gpio.o
    0x08000e4e   0x08000e4e   0x0000000c   Code   RO          405    i.GPIO_WriteBit     stm32f4xx_gpio.o
    0x08000e5a   0x08000e5a   0x00000002   PAD
    0x08000e5c   0x08000e5c   0x00000088   Code   RO         4338    i.GPIO_init         gpio.o
    0x08000ee4   0x08000ee4   0x00000002   Code   RO         4032    i.HardFault_Handler  stm32f4xx_it.o
    0x08000ee6   0x08000ee6   0x00000002   Code   RO         4033    i.MemManage_Handler  stm32f4xx_it.o
    0x08000ee8   0x08000ee8   0x00000002   Code   RO         4034    i.NMI_Handler       stm32f4xx_it.o
    0x08000eea   0x08000eea   0x00000002   PAD
    0x08000eec   0x08000eec   0x00000068   Code   RO          486    i.NVIC_Init         misc.o
    0x08000f54   0x08000f54   0x00000014   Code   RO          487    i.NVIC_PriorityGroupConfig  misc.o
    0x08000f68   0x08000f68   0x0000003a   Code   RO         4356    i.OLED_Clear        oled.o
    0x08000fa2   0x08000fa2   0x00000002   PAD
    0x08000fa4   0x08000fa4   0x0000004c   Code   RO         4362    i.OLED_IIC_Start    oled.o
    0x08000ff0   0x08000ff0   0x0000003c   Code   RO         4363    i.OLED_IIC_Stop     oled.o
    0x0800102c   0x0800102c   0x0000002c   Code   RO         4364    i.OLED_IIC_Wait_Ack  oled.o
    0x08001058   0x08001058   0x00000120   Code   RO         4365    i.OLED_Init         oled.o
    0x08001178   0x08001178   0x00000010   Code   RO         4377    i.OLED_WR_Byte      oled.o
    0x08001188   0x08001188   0x00000078   Code   RO         4378    i.OLED_Write_IIC_Byte  oled.o
    0x08001200   0x08001200   0x0000002e   Code   RO         4379    i.OLED_Write_IIC_Command  oled.o
    0x0800122e   0x0800122e   0x0000002e   Code   RO         4380    i.OLED_Write_IIC_Data  oled.o
    0x0800125c   0x0800125c   0x00000030   Code   RO         4754    i.PID__init         pid.o
    0x0800128c   0x0800128c   0x00000080   Code   RO         4755    i.PID__ralize       pid.o
    0x0800130c   0x0800130c   0x00000002   Code   RO         4035    i.PendSV_Handler    stm32f4xx_it.o
    0x0800130e   0x0800130e   0x00000002   PAD
    0x08001310   0x08001310   0x0000001c   Code   RO           11    i.RCC_AHB1PeriphClockCmd  stm32f4xx_rcc.o
    0x0800132c   0x0800132c   0x0000001c   Code   RO           20    i.RCC_APB1PeriphClockCmd  stm32f4xx_rcc.o
    0x08001348   0x08001348   0x0000001c   Code   RO           23    i.RCC_APB2PeriphClockCmd  stm32f4xx_rcc.o
    0x08001364   0x08001364   0x000000a0   Code   RO           32    i.RCC_GetClocksFreq  stm32f4xx_rcc.o
    0x08001404   0x08001404   0x00000002   Code   RO         4036    i.SVC_Handler       stm32f4xx_it.o
    0x08001406   0x08001406   0x00000002   PAD
    0x08001408   0x08001408   0x00000018   Code   RO         4789    i.Serial_GetRxFlag2  serial2.o
    0x08001420   0x08001420   0x00000018   Code   RO         4859    i.Serial_GetRxFlag3  serial3.o
    0x08001438   0x08001438   0x000000b0   Code   RO         4599    i.Serial_Init1      serial.o
    0x080014e8   0x080014e8   0x000000ac   Code   RO         4790    i.Serial_Init2      serial2.o
    0x08001594   0x08001594   0x000000b0   Code   RO         4860    i.Serial_Init3      serial3.o
    0x08001644   0x08001644   0x00000020   Code   RO         4863    i.Serial_SendByte3  serial3.o
    0x08001664   0x08001664   0x00000018   Code   RO         4865    i.Serial_SendString3  serial3.o
    0x0800167c   0x0800167c   0x000000b8   Code   RO         3997    i.SetSysClock       system_stm32f4xx.o
    0x08001734   0x08001734   0x00000010   Code   RO         4103    i.SysTick_Handler   main.o
    0x08001744   0x08001744   0x0000005c   Code   RO         3999    i.SystemInit        system_stm32f4xx.o
    0x080017a0   0x080017a0   0x0000002e   Code   RO          630    i.TI1_Config        stm32f4xx_tim.o
    0x080017ce   0x080017ce   0x00000036   Code   RO          631    i.TI2_Config        stm32f4xx_tim.o
    0x08001804   0x08001804   0x00000032   Code   RO          632    i.TI3_Config        stm32f4xx_tim.o
    0x08001836   0x08001836   0x00000036   Code   RO          633    i.TI4_Config        stm32f4xx_tim.o
    0x0800186c   0x0800186c   0x000002d8   Code   RO         4104    i.TIM7_IRQHandler   main.o
    0x08001b44   0x08001b44   0x00000018   Code   RO          634    i.TIM_ARRPreloadConfig  stm32f4xx_tim.o
    0x08001b5c   0x08001b5c   0x00000006   Code   RO          640    i.TIM_ClearFlag     stm32f4xx_tim.o
    0x08001b62   0x08001b62   0x00000006   Code   RO          641    i.TIM_ClearITPendingBit  stm32f4xx_tim.o
    0x08001b68   0x08001b68   0x00000018   Code   RO          646    i.TIM_Cmd           stm32f4xx_tim.o
    0x08001b80   0x08001b80   0x00000032   Code   RO          655    i.TIM_EncoderInterfaceConfig  stm32f4xx_tim.o
    0x08001bb2   0x08001bb2   0x00000004   Code   RO          665    i.TIM_GetCounter    stm32f4xx_tim.o
    0x08001bb6   0x08001bb6   0x00000018   Code   RO          667    i.TIM_GetITStatus   stm32f4xx_tim.o
    0x08001bce   0x08001bce   0x00000062   Code   RO          669    i.TIM_ICInit        stm32f4xx_tim.o
    0x08001c30   0x08001c30   0x00000010   Code   RO          670    i.TIM_ICStructInit  stm32f4xx_tim.o
    0x08001c40   0x08001c40   0x00000014   Code   RO          671    i.TIM_ITConfig      stm32f4xx_tim.o
    0x08001c54   0x08001c54   0x00000068   Code   RO          675    i.TIM_OC1Init       stm32f4xx_tim.o
    0x08001cbc   0x08001cbc   0x0000000c   Code   RO          678    i.TIM_OC1PreloadConfig  stm32f4xx_tim.o
    0x08001cc8   0x08001cc8   0x00000088   Code   RO          680    i.TIM_OC2Init       stm32f4xx_tim.o
    0x08001d50   0x08001d50   0x00000014   Code   RO          683    i.TIM_OC2PreloadConfig  stm32f4xx_tim.o
    0x08001d64   0x08001d64   0x00000084   Code   RO          685    i.TIM_OC3Init       stm32f4xx_tim.o
    0x08001de8   0x08001de8   0x0000000c   Code   RO          688    i.TIM_OC3PreloadConfig  stm32f4xx_tim.o
    0x08001df4   0x08001df4   0x00000064   Code   RO          690    i.TIM_OC4Init       stm32f4xx_tim.o
    0x08001e58   0x08001e58   0x00000014   Code   RO          692    i.TIM_OC4PreloadConfig  stm32f4xx_tim.o
    0x08001e6c   0x08001e6c   0x00000004   Code   RO          708    i.TIM_SetCompare1   stm32f4xx_tim.o
    0x08001e70   0x08001e70   0x00000004   Code   RO          709    i.TIM_SetCompare2   stm32f4xx_tim.o
    0x08001e74   0x08001e74   0x00000004   Code   RO          710    i.TIM_SetCompare3   stm32f4xx_tim.o
    0x08001e78   0x08001e78   0x00000004   Code   RO          711    i.TIM_SetCompare4   stm32f4xx_tim.o
    0x08001e7c   0x08001e7c   0x00000004   Code   RO          712    i.TIM_SetCounter    stm32f4xx_tim.o
    0x08001e80   0x08001e80   0x00000010   Code   RO          713    i.TIM_SetIC1Prescaler  stm32f4xx_tim.o
    0x08001e90   0x08001e90   0x00000018   Code   RO          714    i.TIM_SetIC2Prescaler  stm32f4xx_tim.o
    0x08001ea8   0x08001ea8   0x00000010   Code   RO          715    i.TIM_SetIC3Prescaler  stm32f4xx_tim.o
    0x08001eb8   0x08001eb8   0x00000018   Code   RO          716    i.TIM_SetIC4Prescaler  stm32f4xx_tim.o
    0x08001ed0   0x08001ed0   0x0000007c   Code   RO          718    i.TIM_TimeBaseInit  stm32f4xx_tim.o
    0x08001f4c   0x08001f4c   0x00000118   Code   RO         4688    i.Timer3_Init       timer.o
    0x08002064   0x08002064   0x00000070   Code   RO         4689    i.Timer7_Init       timer.o
    0x080020d4   0x080020d4   0x00000034   Code   RO         4606    i.USART1_IRQHandler  serial.o
    0x08002108   0x08002108   0x00000110   Code   RO         4796    i.USART2_IRQHandler  serial2.o
    0x08002218   0x08002218   0x00000034   Code   RO         4866    i.USART3_IRQHandler  serial3.o
    0x0800224c   0x0800224c   0x00000010   Code   RO         3756    i.USART_ClearITPendingBit  stm32f4xx_usart.o
    0x0800225c   0x0800225c   0x00000018   Code   RO         3759    i.USART_Cmd         stm32f4xx_usart.o
    0x08002274   0x08002274   0x0000000e   Code   RO         3762    i.USART_GetFlagStatus  stm32f4xx_usart.o
    0x08002282   0x08002282   0x00000040   Code   RO         3763    i.USART_GetITStatus  stm32f4xx_usart.o
    0x080022c2   0x080022c2   0x00000036   Code   RO         3765    i.USART_ITConfig    stm32f4xx_usart.o
    0x080022f8   0x080022f8   0x000000bc   Code   RO         3766    i.USART_Init        stm32f4xx_usart.o
    0x080023b4   0x080023b4   0x00000008   Code   RO         3773    i.USART_ReceiveData  stm32f4xx_usart.o
    0x080023bc   0x080023bc   0x00000008   Code   RO         3776    i.USART_SendData    stm32f4xx_usart.o
    0x080023c4   0x080023c4   0x00000002   Code   RO         4037    i.UsageFault_Handler  stm32f4xx_it.o
    0x080023c6   0x080023c6   0x00000002   PAD
    0x080023c8   0x080023c8   0x00000020   Code   RO         5155    i.__0printf         mc_w.l(printfa.o)
    0x080023e8   0x080023e8   0x0000000e   Code   RO         5243    i.__scatterload_copy  mc_w.l(handlers.o)
    0x080023f6   0x080023f6   0x00000002   Code   RO         5244    i.__scatterload_null  mc_w.l(handlers.o)
    0x080023f8   0x080023f8   0x0000000e   Code   RO         5245    i.__scatterload_zeroinit  mc_w.l(handlers.o)
    0x08002406   0x08002406   0x00000002   PAD
    0x08002408   0x08002408   0x00000184   Code   RO         5162    i._fp_digits        mc_w.l(printfa.o)
    0x0800258c   0x0800258c   0x000006b4   Code   RO         5163    i._printf_core      mc_w.l(printfa.o)
    0x08002c40   0x08002c40   0x00000024   Code   RO         5164    i._printf_post_padding  mc_w.l(printfa.o)
    0x08002c64   0x08002c64   0x0000002e   Code   RO         5165    i._printf_pre_padding  mc_w.l(printfa.o)
    0x08002c92   0x08002c92   0x00000002   PAD
    0x08002c94   0x08002c94   0x00000024   Code   RO         4607    i.fputc             serial.o
    0x08002cb8   0x08002cb8   0x000000f0   Code   RO         4106    i.front             main.o
    0x08002da8   0x08002da8   0x000000f4   Code   RO         4109    i.ground_left       main.o
    0x08002e9c   0x08002e9c   0x00000124   Code   RO         4111    i.ground_left_to_180  main.o
    0x08002fc0   0x08002fc0   0x000000f4   Code   RO         4113    i.ground_right      main.o
    0x080030b4   0x080030b4   0x000000fc   Code   RO         4115    i.left              main.o
    0x080031b0   0x080031b0   0x000001d0   Code   RO         4116    i.main              main.o
    0x08003380   0x08003380   0x000000fc   Code   RO         4117    i.right             main.o
    0x0800347c   0x0800347c   0x00000028   Code   RO         4118    i.send_arr_init     main.o
    0x080034a4   0x080034a4   0x00000040   Code   RO         4120    i.stop              main.o
    0x080034e4   0x080034e4   0x00000038   Code   RO         4121    i.stop_2            main.o
    0x0800351c   0x0800351c   0x00000020   Data   RO         5241    Region$$Table       anon$$obj.o


    Execution Region RW_IRAM1 (Exec base: 0x20000000, Load base: 0x0800353c, Size: 0x00000548, Max: 0x00020000, ABSOLUTE)

    Exec Addr    Load Addr    Size         Type   Attr      Idx    E Section Name        Object

    0x20000000   0x0800353c   0x00000010   Data   RW           55    .data               stm32f4xx_rcc.o
    0x20000010   0x0800354c   0x00000078   Data   RW         4126    .data               main.o
    0x20000088   0x080035c4   0x00000002   Data   RW         4610    .data               serial.o
    0x2000008a   0x080035c6   0x00000004   Data   RW         4798    .data               serial2.o
    0x2000008e   0x080035ca   0x00000002   Data   RW         4867    .data               serial3.o
    0x20000090   0x080035cc   0x00000004   Data   RW         5219    .data               mc_w.l(stdout.o)
    0x20000094        -       0x00000090   Zero   RW         4122    .bss                main.o
    0x20000124        -       0x0000000b   Zero   RW         4608    .bss                serial.o
    0x2000012f        -       0x00000014   Zero   RW         4797    .bss                serial2.o
    0x20000143   0x080035d0   0x00000005   PAD
    0x20000148        -       0x00000400   Zero   RW            1    STACK               startup_stm32f4xx.o


==============================================================================

Image component sizes


      Code (inc. data)   RO Data    RW Data    ZI Data      Debug   Object Name

        56          0          0          0          0       1146   delay.o
       136         10          0          0          0        640   gpio.o
      3372        404          0        120        144      16993   main.o
       124         16          0          0          0       1915   misc.o
       754         26          0          0          0       5702   oled.o
       176         24          0          0          0       1815   pid.o
       264         24          0          2         11       4572   serial.o
       468         46          0          4         20       3140   serial2.o
       308         28          0          2          0       3472   serial3.o
        36          8        392          0       1024        988   startup_stm32f4xx.o
       190          0          0          0          0       4879   stm32f4xx_gpio.o
        16          0          0          0          0       4020   stm32f4xx_it.o
       244         30          0         16          0     264223   stm32f4xx_rcc.o
      1236         60          0          0          0      25112   stm32f4xx_tim.o
       376          8          0          0          0       7367   stm32f4xx_usart.o
       276         34          0          0          0       1965   system_stm32f4xx.o
      1270         68          0          0          0       6868   timer.o

    ----------------------------------------------------------------------
      9320        786        424        144       1204     354817   Object Totals
         0          0         32          0          0          0   (incl. Generated)
        18          0          0          0          5          0   (incl. Padding)

    ----------------------------------------------------------------------

      Code (inc. data)   RO Data    RW Data    ZI Data      Debug   Library Member Name

         0          0          0          0          0          0   entry.o
         0          0          0          0          0          0   entry10a.o
         0          0          0          0          0          0   entry11a.o
         4          0          0          0          0          0   entry12b.o
         8          4          0          0          0          0   entry2.o
         4          0          0          0          0          0   entry5.o
         0          0          0          0          0          0   entry7b.o
         0          0          0          0          0          0   entry8b.o
         8          4          0          0          0          0   entry9a.o
        30          0          0          0          0          0   handlers.o
        36          8          0          0          0         68   init.o
         0          0          0          0          0          0   iusefp.o
        30          0          0          0          0         68   llshl.o
        36          0          0          0          0         68   llsshr.o
        32          0          0          0          0         68   llushr.o
      2218         90          0          0          0        464   printfa.o
         0          0          0          4          0          0   stdout.o
        44          0          0          0          0         80   uidiv.o
        98          0          0          0          0         92   uldiv.o
        48          0          0          0          0         68   cdrcmple.o
        56          0          0          0          0         88   d2f.o
       334          0          0          0          0        148   dadd.o
       222          0          0          0          0        100   ddiv.o
       186          0          0          0          0        176   depilogue.o
        62          0          0          0          0         80   dfixi.o
        48          0          0          0          0         68   dfixul.o
        34          0          0          0          0         76   dflti.o
       228          0          0          0          0         96   dmul.o
       110          0          0          0          0        168   fepilogue.o

    ----------------------------------------------------------------------
      3884        106          0          4          0       1976   Library Totals
         8          0          0          0          0          0   (incl. Padding)

    ----------------------------------------------------------------------

      Code (inc. data)   RO Data    RW Data    ZI Data      Debug   Library Name

      2548        106          0          4          0        908   mc_w.l
      1328          0          0          0          0       1068   mf_w.l

    ----------------------------------------------------------------------
      3884        106          0          4          0       1976   Library Totals

    ----------------------------------------------------------------------

==============================================================================


      Code (inc. data)   RO Data    RW Data    ZI Data      Debug   

     13204        892        424        148       1204     344709   Grand Totals
     13204        892        424        148       1204     344709   ELF Image Totals
     13204        892        424        148          0          0   ROM Totals

==============================================================================

    Total RO  Size (Code + RO Data)                13628 (  13.31kB)
    Total RW  Size (RW Data + ZI Data)              1352 (   1.32kB)
    Total ROM Size (Code + RO Data + RW Data)      13776 (  13.45kB)

==============================================================================

