<html>
<body>
<pre>
<h1>�Vision Build Log</h1>
<h2>Tool Versions:</h2>
IDE-Version: µVision V5.40.0.0
Copyright (C) 2024 ARM Ltd and ARM Germany GmbH. All rights reserved.
License Information: 11 8615802971641, 11, LIC=SDA0P-MSJE3-WFSI7-ER50P-QB6KB-4MEEK
 
Tool Versions:
Toolchain:       MDK-ARM Plus  Version: 5.40.0.3
Toolchain Path:  D:\Keil5\ARM\ARMCC\Bin
C Compiler:      Armcc.exe V5.06 update 7 (build 960)
Assembler:       Armasm.exe V5.06 update 7 (build 960)
Linker/Locator:  ArmLink.exe V5.06 update 7 (build 960)
Library Manager: ArmAr.exe V5.06 update 7 (build 960)
Hex Converter:   FromElf.exe V5.06 update 7 (build 960)
CPU DLL:         SARMCM3.DLL V5.40.0.3
Dialog DLL:      DCM.DLL V1.17.5.0
Target DLL:      STLink\ST-LINKIII-KEIL_SWO.dll V3.3.0.0
Dialog DLL:      TCM.DLL V1.56.4.0
 
<h2>Project:</h2>
D:\stm32f4project\2024科协暑期考核\2025_5_22_H\2300310332 - 副本\Project\Demo.uvprojx
Project File Date:  08/09/2024

<h2>Output:</h2>
*** Using Compiler 'V5.06 update 7 (build 960)', folder: 'D:\Keil5\ARM\ARMCC\Bin'
Rebuild target 'TemplateSTM32F4'
assembling startup_stm32f4xx.s...
compiling stm32f4xx_exti.c...
compiling stm32f4xx_rcc.c...
compiling stm32f4xx_cryp.c...
compiling stm32f4xx_gpio.c...
compiling misc.c...
compiling stm32f4xx_can.c...
compiling stm32f4xx_syscfg.c...
compiling stm32f4xx_cryp_des.c...
compiling stm32f4xx_crc.c...
compiling stm32f4xx_cryp_aes.c...
compiling stm32f4xx_adc.c...
compiling stm32f4xx_tim.c...
compiling stm32f4xx_cryp_tdes.c...
compiling stm32f4xx_dac.c...
compiling stm32f4xx_dbgmcu.c...
compiling stm32f4xx_dcmi.c...
compiling stm32f4xx_dma.c...
compiling stm32f4xx_flash.c...
compiling stm32f4xx_fsmc.c...
compiling stm32f4xx_hash.c...
compiling stm32f4xx_hash_md5.c...
compiling stm32f4xx_hash_sha1.c...
compiling stm32f4xx_i2c.c...
compiling stm32f4xx_iwdg.c...
compiling stm32f4xx_pwr.c...
compiling stm32f4xx_rng.c...
compiling stm32f4xx_rtc.c...
compiling stm32f4xx_sdio.c...
compiling stm32f4xx_spi.c...
compiling stm32f4xx_usart.c...
compiling stm32f4xx_wwdg.c...
compiling system_stm32f4xx.c...
compiling stm32f4xx_it.c...
compiling GPIO.c...
compiling OLED.c...
compiling sys.c...
compiling main.c...
..\User\main.c(612): warning:  #177-D: variable "yaw"  was declared but never referenced
  	int yaw;
..\User\main.c(613): warning:  #177-D: variable "yaw_h"  was declared but never referenced
  	uint8_t yaw_h;
..\User\main.c(614): warning:  #177-D: variable "yaw_l"  was declared but never referenced
  	uint8_t yaw_l;
..\User\main.c: 3 warnings, 0 errors
compiling Delay.c...
compiling Serial.c...
compiling Timer.c...
compiling PID.c...
compiling Serial2.c...
compiling Serial3.c...
linking...
Program Size: Code=13252 RO-data=424 RW-data=148 ZI-data=1204  
FromELF: creating hex file...
".\Output\demo.elf" - 0 Error(s), 3 Warning(s).

<h2>Software Packages used:</h2>

Package Vendor: ARM
                https://www.keil.com/pack/ARM.CMSIS.6.1.0.pack
                ARM::CMSIS@6.1.0
                CMSIS (Common Microcontroller Software Interface Standard)
   * Component: CORE Version: 6.1.0

Package Vendor: Keil
                https://www.keil.com/pack/Keil.STM32F4xx_DFP.2.17.1.pack
                Keil::STM32F4xx_DFP@2.17.1
                STMicroelectronics STM32F4 Series Device Support, Drivers and Examples

<h2>Collection of Component include folders:</h2>
  ./RTE/_TemplateSTM32F4
  D:/Keil5/Pack/ARM/CMSIS/6.1.0/CMSIS/Core/Include
  D:/Keil5/Pack/Keil/STM32F4xx_DFP/2.17.1/Drivers/CMSIS/Device/ST/STM32F4xx/Include

<h2>Collection of Component Files used:</h2>

   * Component: ARM::CMSIS:CORE@6.1.0
Build Time Elapsed:  00:00:03
</pre>
</body>
</html>
